test/anderson/anderson12.js: [definite] Exceptional program exit is unreachable
test/anderson/anderson12.js:3:4: [definite] The variable x is never used
