test/anderson/anderson6.js: [definite] Ordinary program exit is unreachable
test/anderson/anderson6.js:6:6: [definite] TypeError, accessing property of null/undefined
test/anderson/anderson6.js:5:2: [definite] The conditional expression is always true
test/anderson/anderson6.js:6:6: [definite] Variable x is null/undefined
test/anderson/anderson6.js: [maybe] Uncaught exception, constructed at [test/anderson/anderson6.js:6:6]
