test/anderson/anderson7.js: [definite] Ordinary program exit is unreachable
test/anderson/anderson7.js:4:6: [definite] TypeError, accessing property of null/undefined
test/anderson/anderson7.js:3:2: [definite] The conditional expression is always true
test/anderson/anderson7.js:4:6: [definite] Variable x is null/undefined
test/anderson/anderson7.js: [maybe] Uncaught exception, constructed at [test/anderson/anderson7.js:4:6]
