test/chromeexperiments/deepseastress.html:454:20: [definite] TypeError, accessing property of null/undefined
test/chromeexperiments/deepseastress.html:459:5: [definite] TypeError, accessing property of null/undefined
test/chromeexperiments/deepseastress.html:465:5: [definite] TypeError, accessing property of null/undefined
test/chromeexperiments/deepseastress.html:13:1: [definite] Dead assignment, property g is never read
test/chromeexperiments/deepseastress.html:95:1: [definite] Dead assignment, property l is never read
test/chromeexperiments/deepseastress.html:330:1: [definite] Dead assignment, property p is never read
test/chromeexperiments/deepseastress.html:402:5: [definite] Dead assignment, property init is never read
test/chromeexperiments/deepseastress.html:404:5: [definite] Dead assignment, property setMouseInteraction is never read
test/chromeexperiments/deepseastress.html:454:20: [definite] Reading absent property numCreatures of host object
test/chromeexperiments/deepseastress.html:459:5: [definite] Reading absent property toggle of host object
test/chromeexperiments/deepseastress.html:465:5: [definite] Reading absent property numCreatures of host object
test/chromeexperiments/deepseastress.html:13:9: [definite] Unreachable function
test/chromeexperiments/deepseastress.html:14:5: [definite] Unreachable function s
test/chromeexperiments/deepseastress.html:17:5: [definite] Unreachable function C
test/chromeexperiments/deepseastress.html:33:5: [definite] Unreachable function x
test/chromeexperiments/deepseastress.html:36:5: [definite] Unreachable function u
test/chromeexperiments/deepseastress.html:39:5: [definite] Unreachable function F
test/chromeexperiments/deepseastress.html:42:5: [definite] Unreachable function v
test/chromeexperiments/deepseastress.html:45:5: [definite] Unreachable function w
test/chromeexperiments/deepseastress.html:48:5: [definite] Unreachable function q
test/chromeexperiments/deepseastress.html:52:5: [definite] Unreachable function D
test/chromeexperiments/deepseastress.html:55:5: [definite] Unreachable function y
test/chromeexperiments/deepseastress.html:58:5: [definite] Unreachable function E
test/chromeexperiments/deepseastress.html:95:9: [definite] Unreachable function
test/chromeexperiments/deepseastress.html:96:5: [definite] Unreachable function K
test/chromeexperiments/deepseastress.html:105:5: [definite] Unreachable function r
test/chromeexperiments/deepseastress.html:111:5: [definite] Unreachable function s
test/chromeexperiments/deepseastress.html:131:5: [definite] Unreachable function C
test/chromeexperiments/deepseastress.html:134:5: [definite] Unreachable function x
test/chromeexperiments/deepseastress.html:163:9: [definite] Unreachable function
test/chromeexperiments/deepseastress.html:164:5: [definite] Unreachable function s
test/chromeexperiments/deepseastress.html:173:5: [definite] Unreachable function C
test/chromeexperiments/deepseastress.html:177:5: [definite] Unreachable function x
test/chromeexperiments/deepseastress.html:185:5: [definite] Unreachable function u
test/chromeexperiments/deepseastress.html:215:5: [definite] Unreachable function F
test/chromeexperiments/deepseastress.html:220:5: [definite] Unreachable function v
test/chromeexperiments/deepseastress.html:228:5: [definite] Unreachable function w
test/chromeexperiments/deepseastress.html:237:5: [definite] Unreachable function q
test/chromeexperiments/deepseastress.html:245:5: [definite] Unreachable function D
test/chromeexperiments/deepseastress.html:252:5: [definite] Unreachable function y
test/chromeexperiments/deepseastress.html:275:5: [definite] Unreachable function E
test/chromeexperiments/deepseastress.html:278:5: [definite] Unreachable function A
test/chromeexperiments/deepseastress.html:281:5: [definite] Unreachable function a
test/chromeexperiments/deepseastress.html:285:5: [definite] Unreachable function e
test/chromeexperiments/deepseastress.html:331:5: [definite] Unreachable function O
test/chromeexperiments/deepseastress.html:351:5: [definite] Unreachable function P
test/chromeexperiments/deepseastress.html:356:5: [definite] Unreachable function I
test/chromeexperiments/deepseastress.html:362:5: [definite] Unreachable function J
test/chromeexperiments/deepseastress.html:366:5: [definite] Unreachable function Q
test/chromeexperiments/deepseastress.html:375:5: [definite] Unreachable function R
test/chromeexperiments/deepseastress.html:393:5: [definite] Unreachable function S
test/chromeexperiments/deepseastress.html:396:9: [definite] The variable K is never used
test/chromeexperiments/deepseastress.html:397:9: [definite] The variable r is never used
test/chromeexperiments/deepseastress.html:397:12: [definite] The variable s is never used
test/chromeexperiments/deepseastress.html:398:9: [definite] The variable C is never used
test/chromeexperiments/deepseastress.html:398:12: [definite] The variable x is never used
test/chromeexperiments/deepseastress.html:398:15: [definite] The variable u is never used
test/chromeexperiments/deepseastress.html:398:18: [definite] The variable F is never used
test/chromeexperiments/deepseastress.html:399:9: [definite] The variable v is never used
test/chromeexperiments/deepseastress.html:400:9: [definite] The variable w is never used
test/chromeexperiments/deepseastress.html:401:9: [definite] The variable q is never used
test/chromeexperiments/deepseastress.html:401:12: [definite] The variable D is never used
test/chromeexperiments/deepseastress.html:401:15: [definite] The variable y is never used
test/chromeexperiments/deepseastress.html:401:18: [definite] The variable E is never used
test/chromeexperiments/deepseastress.html:401:21: [definite] The variable A is never used
test/chromeexperiments/deepseastress.html:454:45: [definite] Unreachable code
test/chromeexperiments/deepseastress.html:460:5: [definite] Unreachable code
test/chromeexperiments/deepseastress.html:466:5: [definite] Unreachable code
test/chromeexperiments/deepseastress.html:415:103: [maybe] ReferenceError, reading absent variable event
test/chromeexperiments/deepseastress.html:417:103: [maybe] ReferenceError, reading absent variable event
test/chromeexperiments/deepseastress.html:419:97: [maybe] ReferenceError, reading absent variable event
test/chromeexperiments/deepseastress.html:421:103: [maybe] ReferenceError, reading absent variable event
test/chromeexperiments/deepseastress.html:423:95: [maybe] ReferenceError, reading absent variable event
test/chromeexperiments/deepseastress.html:426:99: [maybe] ReferenceError, reading absent variable event
test/chromeexperiments/deepseastress.html:428:99: [maybe] ReferenceError, reading absent variable event
test/chromeexperiments/deepseastress.html:454:20: [maybe] TypeError, accessing property of null/undefined
test/chromeexperiments/deepseastress.html:459:5: [maybe] TypeError, accessing property of null/undefined
test/chromeexperiments/deepseastress.html:465:5: [maybe] TypeError, accessing property of null/undefined
test/chromeexperiments/deepseastress.html:415:110: [maybe] Reading 'this' yields the global object
test/chromeexperiments/deepseastress.html:415:110: [maybe] Reading absent property form of host object
test/chromeexperiments/deepseastress.html:417:110: [maybe] Reading 'this' yields the global object
test/chromeexperiments/deepseastress.html:417:110: [maybe] Reading absent property form of host object
test/chromeexperiments/deepseastress.html:419:104: [maybe] Reading 'this' yields the global object
test/chromeexperiments/deepseastress.html:419:104: [maybe] Reading absent property form of host object
test/chromeexperiments/deepseastress.html:421:110: [maybe] Reading 'this' yields the global object
test/chromeexperiments/deepseastress.html:421:110: [maybe] Reading absent property form of host object
test/chromeexperiments/deepseastress.html:423:102: [maybe] Reading 'this' yields the global object
test/chromeexperiments/deepseastress.html:423:102: [maybe] Reading absent property form of host object
test/chromeexperiments/deepseastress.html:426:106: [maybe] Reading 'this' yields the global object
test/chromeexperiments/deepseastress.html:426:106: [maybe] Reading absent property form of host object
test/chromeexperiments/deepseastress.html:428:106: [maybe] Reading 'this' yields the global object
test/chromeexperiments/deepseastress.html:428:106: [maybe] Reading absent property form of host object
test/chromeexperiments/deepseastress.html:430:81: [maybe] Reading 'this' yields the global object
test/chromeexperiments/deepseastress.html:430:81: [maybe] Reading absent property form of host object
test/chromeexperiments/deepseastress.html:452:32: [maybe] Reading absent property which of host object
test/chromeexperiments/deepseastress.html: [maybe] Uncaught exception, constructed at [test/chromeexperiments/deepseastress.html:415:103, test/chromeexperiments/deepseastress.html:417:103, test/chromeexperiments/deepseastress.html:419:97, test/chromeexperiments/deepseastress.html:421:103, test/chromeexperiments/deepseastress.html:423:95, test/chromeexperiments/deepseastress.html:426:99, test/chromeexperiments/deepseastress.html:428:99, test/chromeexperiments/deepseastress.html:454:20, test/chromeexperiments/deepseastress.html:459:5, test/chromeexperiments/deepseastress.html:465:5]
test/chromeexperiments/deepseastress.html:415:110: [info] 'this' refers to multiple abstract objects, which may cause loss of precision
test/chromeexperiments/deepseastress.html:417:110: [info] 'this' refers to multiple abstract objects, which may cause loss of precision
test/chromeexperiments/deepseastress.html:419:104: [info] 'this' refers to multiple abstract objects, which may cause loss of precision
test/chromeexperiments/deepseastress.html:421:110: [info] 'this' refers to multiple abstract objects, which may cause loss of precision
test/chromeexperiments/deepseastress.html:423:102: [info] 'this' refers to multiple abstract objects, which may cause loss of precision
test/chromeexperiments/deepseastress.html:426:106: [info] 'this' refers to multiple abstract objects, which may cause loss of precision
test/chromeexperiments/deepseastress.html:428:106: [info] 'this' refers to multiple abstract objects, which may cause loss of precision
test/chromeexperiments/deepseastress.html:430:81: [info] 'this' refers to multiple abstract objects, which may cause loss of precision
