out/temp-sources/TestMicro.eventListenerRegistrationInEventHandler_sameKind.js: [definite] Exceptional program exit is unreachable
out/temp-sources/TestMicro.eventListenerRegistrationInEventHandler_sameKind.js:2:2: [info] Abstract value: "mousedownHandler triggered"
out/temp-sources/TestMicro.eventListenerRegistrationInEventHandler_sameKind.js:6:2: [info] Abstract value: "mouseupHandler triggered"
