fg2: <main> function()
  block 0: [entry]
    node 0: constant[undefined,v1] (test/flowgraphbuilder/flowgraph_builder0110.js)
    node 1: vardecl['x']* (test/flowgraphbuilder/flowgraph_builder0110.js:1:5)
    node 2: vardecl['y']* (test/flowgraphbuilder/flowgraph_builder0110.js:2:5)
    ->[block 1]
  block 1:
    node 3: constant["tajs-host-env:string-replace-model.js",v2] (host-environment-sources-loader)
    node 4: constant[true,v3] (host-environment-sources-loader)
    ->[block 2]
  block 2:
    node 5: call[TAJS_load,v2,v3,v4] (host-environment-sources-loader)
    ->[block 3]
  block 3:
    node 6: call[-,v4,-] (host-environment-sources-loader)
    ->[block 4]
  block 4:
    node 7: new[v5] (test/flowgraphbuilder/flowgraph_builder0110.js:1:9)
    node 8: constant[42.0,v6] (test/flowgraphbuilder/flowgraph_builder0110.js:1:12)
    node 9: write-property[v5,'a',v6] (test/flowgraphbuilder/flowgraph_builder0110.js:1:10)
    node 10: write-variable[v5,'x']* (test/flowgraphbuilder/flowgraph_builder0110.js:1:5)
    node 11: new[v7] (test/flowgraphbuilder/flowgraph_builder0110.js:2:9)
    node 12: constant[42.0,v8] (test/flowgraphbuilder/flowgraph_builder0110.js:2:12)
    node 13: write-property[v7,'b',v8] (test/flowgraphbuilder/flowgraph_builder0110.js:2:10)
    node 14: write-variable[v7,'y']* (test/flowgraphbuilder/flowgraph_builder0110.js:2:5)
    node 15: read-variable['z',v13,-] (test/flowgraphbuilder/flowgraph_builder0110.js:4:12)
    node 16: if[v13](true-block:5,false-block:6) (test/flowgraphbuilder/flowgraph_builder0110.js:4:12)
    ->[block 5,block 6]
  block 5:
    node 17: read-variable['x',v9,-] (test/flowgraphbuilder/flowgraph_builder0110.js:4:16)
    ->[block 7]
  block 6:
    node 18: read-variable['y',v9,-] (test/flowgraphbuilder/flowgraph_builder0110.js:4:20)
    ->[block 7]
  block 7:
    node 19: begin-for-in[v9,v10] (test/flowgraphbuilder/flowgraph_builder0110.js:4:1)
    ->[block 8]
  block 8:
    node 20: has-next[v10,v11] (test/flowgraphbuilder/flowgraph_builder0110.js:4:1)
    node 21: if[v11](true-block:9,false-block:12) (test/flowgraphbuilder/flowgraph_builder0110.js:4:1)
    ->[block 9,block 12] ~>[block 10]
  block 9:
    node 22: next-property[v10,v12] (test/flowgraphbuilder/flowgraph_builder0110.js:4:6)
    node 23: write-variable[v12,'b']* (test/flowgraphbuilder/flowgraph_builder0110.js:4:6)
    ->[block 11] ~>[block 10]
  block 10:
    node 24: end-for-in(begin-node:19)* (test/flowgraphbuilder/flowgraph_builder0110.js:4:1)
    ->[block 14]
  block 11:
    node 25: end-for-in(begin-node:19)* (test/flowgraphbuilder/flowgraph_builder0110.js:4:1)
    ->[block 7]
  block 12:
    node 26: end-for-in(begin-node:19)* (test/flowgraphbuilder/flowgraph_builder0110.js:4:1)
    ->[block 13]
  block 13: [exit-ordinary]
    node 27: return[v1] (test/flowgraphbuilder/flowgraph_builder0110.js)
    ->[]
  block 14: [exit-exceptional]
    node 28: exceptional-return (test/flowgraphbuilder/flowgraph_builder0110.js)
    ->[]

fg2: <main> function()
  block 0: [entry]
    node 0: constant[undefined,v1] (test/flowgraphbuilder/flowgraph_builder0110.js)
    node 1: vardecl['x']* (test/flowgraphbuilder/flowgraph_builder0110.js:1:5)
    node 2: vardecl['y']* (test/flowgraphbuilder/flowgraph_builder0110.js:2:5)
    ->[block 1]
  block 1:
    node 3: constant["tajs-host-env:string-replace-model.js",v2] (host-environment-sources-loader)
    node 4: constant[true,v3] (host-environment-sources-loader)
    ->[block 2]
  block 2:
    node 5: call[TAJS_load,v2,v3,v4] (host-environment-sources-loader)
    ->[block 3]
  block 3:
    node 6: call[-,v4,-] (host-environment-sources-loader)
    ->[block 4]
  block 4:
    node 7: new[v5] (test/flowgraphbuilder/flowgraph_builder0110.js:1:9)
    node 8: constant[42.0,v6] (test/flowgraphbuilder/flowgraph_builder0110.js:1:12)
    node 9: write-property[v5,'a',v6] (test/flowgraphbuilder/flowgraph_builder0110.js:1:10)
    node 10: write-variable[v5,'x']* (test/flowgraphbuilder/flowgraph_builder0110.js:1:5)
    node 11: new[v7] (test/flowgraphbuilder/flowgraph_builder0110.js:2:9)
    node 12: constant[42.0,v8] (test/flowgraphbuilder/flowgraph_builder0110.js:2:12)
    node 13: write-property[v7,'b',v8] (test/flowgraphbuilder/flowgraph_builder0110.js:2:10)
    node 14: write-variable[v7,'y']* (test/flowgraphbuilder/flowgraph_builder0110.js:2:5)
    node 15: read-variable['z',v13,-] (test/flowgraphbuilder/flowgraph_builder0110.js:4:12)
    node 16: if[v13](true-block:5,false-block:6) (test/flowgraphbuilder/flowgraph_builder0110.js:4:12)
    ->[block 5,block 6]
  block 5:
    node 17: read-variable['x',v9,-] (test/flowgraphbuilder/flowgraph_builder0110.js:4:16)
    ->[block 7]
  block 6:
    node 18: read-variable['y',v9,-] (test/flowgraphbuilder/flowgraph_builder0110.js:4:20)
    ->[block 7]
  block 7:
    node 19: begin-for-in[v9,v10] (test/flowgraphbuilder/flowgraph_builder0110.js:4:1)
    ->[block 8]
  block 8:
    node 20: has-next[v10,v11] (test/flowgraphbuilder/flowgraph_builder0110.js:4:1)
    node 21: if[v11](true-block:9,false-block:12) (test/flowgraphbuilder/flowgraph_builder0110.js:4:1)
    ->[block 9,block 12] ~>[block 10]
  block 9:
    node 22: next-property[v10,v12] (test/flowgraphbuilder/flowgraph_builder0110.js:4:6)
    node 23: write-variable[v12,'b']* (test/flowgraphbuilder/flowgraph_builder0110.js:4:6)
    ->[block 11] ~>[block 10]
  block 10:
    node 24: end-for-in(begin-node:19)* (test/flowgraphbuilder/flowgraph_builder0110.js:4:1)
    ->[block 14]
  block 11:
    node 25: end-for-in(begin-node:19)* (test/flowgraphbuilder/flowgraph_builder0110.js:4:1)
    ->[block 7]
  block 12:
    node 26: end-for-in(begin-node:19)* (test/flowgraphbuilder/flowgraph_builder0110.js:4:1)
    ->[block 13]
  block 13: [exit-ordinary]
    node 27: return[v1] (test/flowgraphbuilder/flowgraph_builder0110.js)
    ->[]
  block 14: [exit-exceptional]
    node 28: exceptional-return (test/flowgraphbuilder/flowgraph_builder0110.js)
    ->[]
function()
  block 15: [entry]
    node 29: constant[undefined,v1] (HOST(string-replace-model.js):1:1)
    ->[block 16]
  block 16:
    node 30: read-variable['Object',v4,-] (HOST(string-replace-model.js):1:1)
    node 31: read-property[v4,'defineProperty',-] (HOST(string-replace-model.js):1:1)
    node 32: <variable-non-null-undef>['Object'] (HOST(string-replace-model.js):1:1)
    node 33: read-variable['String',v6,v2] (HOST(string-replace-model.js):1:23)
    node 34: read-property[v6,'prototype',v5] (HOST(string-replace-model.js):1:23)
    node 35: <variable-non-null-undef>['String'] (HOST(string-replace-model.js):1:23)
    node 36: constant["replace",v7] (HOST(string-replace-model.js):1:41)
    node 37: new[v8] (HOST(string-replace-model.js):1:52)
    node 38: constant[true,v9] (HOST(string-replace-model.js):2:15)
    node 39: write-property[v8,'writable',v9] (HOST(string-replace-model.js):2:5)
    node 40: constant[false,v10] (HOST(string-replace-model.js):2:33)
    node 41: write-property[v8,'enumerable',v10] (HOST(string-replace-model.js):2:21)
    node 42: constant[true,v11] (HOST(string-replace-model.js):2:54)
    node 43: write-property[v8,'configurable',v11] (HOST(string-replace-model.js):2:40)
    node 44: function-expr[function replace(searchValue,replaceValue),v12] (HOST(string-replace-model.js):3:12)
    node 45: write-property[v8,'value',v12] (HOST(string-replace-model.js):3:5)
    ->[block 17]
  block 17:
    node 46: call[v4,'defineProperty',v5,v7,v8,-]* (HOST(string-replace-model.js):1:1)
    ->[block 18]
  block 18:
    node 47: read-variable['String',v17,v2] (HOST(string-replace-model.js):69:27)
    node 48: read-property[v17,'prototype',v16] (HOST(string-replace-model.js):69:27)
    node 49: <variable-non-null-undef>['String'] (HOST(string-replace-model.js):69:27)
    node 50: read-property[v16,'replace',v15] (HOST(string-replace-model.js):69:27)
    node 51: <property-non-null-undef>[v17,'prototype'] (HOST(string-replace-model.js):69:27)
    node 52: constant[-1.0,v18] (HOST(string-replace-model.js):69:53)
    ->[block 19]
  block 19:
    node 53: call[TAJS_makeContextSensitive,v15,v18,-]* (HOST(string-replace-model.js):69:1)
    ->[block 20]
  block 20:
    node 54: read-variable['String',v23,v2] (HOST(string-replace-model.js):70:27)
    node 55: read-property[v23,'prototype',v22] (HOST(string-replace-model.js):70:27)
    node 56: <variable-non-null-undef>['String'] (HOST(string-replace-model.js):70:27)
    node 57: read-property[v22,'replace',v21] (HOST(string-replace-model.js):70:27)
    node 58: <property-non-null-undef>[v23,'prototype'] (HOST(string-replace-model.js):70:27)
    node 59: constant[0.0,v24] (HOST(string-replace-model.js):70:53)
    ->[block 21]
  block 21:
    node 60: call[TAJS_makeContextSensitive,v21,v24,-]* (HOST(string-replace-model.js):70:1)
    ->[block 22]
  block 22:
    node 61: read-variable['String',v29,v2] (HOST(string-replace-model.js):71:27)
    node 62: read-property[v29,'prototype',v28] (HOST(string-replace-model.js):71:27)
    node 63: <variable-non-null-undef>['String'] (HOST(string-replace-model.js):71:27)
    node 64: read-property[v28,'replace',v27] (HOST(string-replace-model.js):71:27)
    node 65: <property-non-null-undef>[v29,'prototype'] (HOST(string-replace-model.js):71:27)
    node 66: constant[1.0,v30] (HOST(string-replace-model.js):71:53)
    ->[block 23]
  block 23:
    node 67: call[TAJS_makeContextSensitive,v27,v30,-]* (HOST(string-replace-model.js):71:1)
    ->[block 24]
  block 24: [exit-ordinary]
    node 68: return[v1] (HOST(string-replace-model.js):1:1)
    ->[]
  block 25: [exit-exceptional]
    node 69: exceptional-return (HOST(string-replace-model.js):1:1)
    ->[]
function replace(searchValue,replaceValue)
  block 26: [entry]
    node 70: constant[undefined,v1] (HOST(string-replace-model.js):3:12)
    node 71: vardecl['receiver']* (HOST(string-replace-model.js):8:13)
    node 72: vardecl['string']* (HOST(string-replace-model.js):10:13)
    node 73: vardecl['searchValueIsRegExp']* (HOST(string-replace-model.js):16:13)
    node 74: vardecl['matches']* (HOST(string-replace-model.js):18:13)
    node 75: vardecl['matchThatIsFound']* (HOST(string-replace-model.js):21:17)
    node 76: vardecl['callbackArguments']* (HOST(string-replace-model.js):25:25)
    node 77: vardecl['i']* (HOST(string-replace-model.js):26:30)
    node 78: vardecl['indexMatch']* (HOST(string-replace-model.js):37:17)
    node 79: vardecl['replacementSubstrings']* (HOST(string-replace-model.js):45:13)
    node 80: vardecl['j']* (HOST(string-replace-model.js):47:18)
    node 81: vardecl['matchToUse']* (HOST(string-replace-model.js):48:17)
    node 82: vardecl['startIndex']* (HOST(string-replace-model.js):49:17)
    node 83: vardecl['endIndex']* (HOST(string-replace-model.js):50:17)
    node 84: vardecl['replacementSubstring']* (HOST(string-replace-model.js):51:17)
    node 85: vardecl['replacement']* (HOST(string-replace-model.js):52:17)
    node 86: vardecl['k']* (HOST(string-replace-model.js):59:18)
    node 87: vardecl['prefix']* (HOST(string-replace-model.js):61:17)
    node 88: vardecl['suffix']* (HOST(string-replace-model.js):62:17)
    node 89: vardecl['result']* (HOST(string-replace-model.js):63:17)
    ->[block 27]
  block 27:
    node 90: read-variable['this',v4,-] (HOST(string-replace-model.js):5:13)
    node 91: constant[null,v5] (HOST(string-replace-model.js):5:22)
    node 92: ===[v4,v5,v3] (HOST(string-replace-model.js):5:13)
    ->[block 28]
  block 28:
    node 93: if[v3](true-block:30,false-block:29) (HOST(string-replace-model.js):5:13)
    ->[block 29,block 30]
  block 29:
    node 94: read-variable['this',v6,-] (HOST(string-replace-model.js):5:30)
    node 95: read-variable['undefined',v7,v2] (HOST(string-replace-model.js):5:39)
    node 96: ===[v6,v7,v3] (HOST(string-replace-model.js):5:30)
    node 97: if[v3](true-block:30,false-block:33)* (HOST(string-replace-model.js):5:9)
    ->[block 30,block 33]
  block 30:
    node 98: read-variable['TypeError',v9,-] (HOST(string-replace-model.js):6:23)
    ->[block 31]
  block 31:
    node 99: construct[-,v9,v8] (HOST(string-replace-model.js):6:19)
    ->[block 32]
  block 32:
    node 100: throw[v8]* (HOST(string-replace-model.js):6:13)
    ->[block 33]
  block 33:
    node 101: read-variable['this',v8,-] (HOST(string-replace-model.js):8:24)
    node 102: write-variable[v8,'receiver']* (HOST(string-replace-model.js):8:13)
    node 103: read-variable['receiver',v10,v2] (HOST(string-replace-model.js):10:22)
    node 104: constant["",v11] (HOST(string-replace-model.js):10:33)
    node 105: +[v10,v11,v9] (HOST(string-replace-model.js):10:22)
    node 106: write-variable[v9,'string']* (HOST(string-replace-model.js):10:13)
    node 107: typeof['replaceValue',v13] (HOST(string-replace-model.js):11:13)
    node 108: constant["function",v14] (HOST(string-replace-model.js):11:37)
    node 109: !==[v13,v14,v12] (HOST(string-replace-model.js):11:13)
    node 110: if[v12](true-block:34,false-block:36)* (HOST(string-replace-model.js):11:9)
    ->[block 34,block 36]
  block 34:
    node 111: read-variable['string',v17,v2] (HOST(string-replace-model.js):13:49)
    node 112: read-variable['searchValue',v18,v2] (HOST(string-replace-model.js):13:57)
    node 113: read-variable['replaceValue',v20,v2] (HOST(string-replace-model.js):13:70)
    node 114: constant["",v21] (HOST(string-replace-model.js):13:85)
    node 115: +[v20,v21,v19] (HOST(string-replace-model.js):13:70)
    ->[block 35]
  block 35:
    node 116: call[TAJS_firstOrderStringReplace,v17,v18,v19,v1] (HOST(string-replace-model.js):13:20)
    ->[block 101]
  block 36:
    node 117: read-variable['searchValue',v16,v2] (HOST(string-replace-model.js):16:35)
    node 118: read-variable['RegExp',v17,v2] (HOST(string-replace-model.js):16:58)
    node 119: instanceof[v16,v17,v15] (HOST(string-replace-model.js):16:35)
    node 120: write-variable[v15,'searchValueIsRegExp']* (HOST(string-replace-model.js):16:13)
    ->[block 37]
  block 37:
    node 121: call[TAJS_newArray,v18] (HOST(string-replace-model.js):18:23)
    ->[block 38]
  block 38:
    node 122: write-variable[v18,'matches']* (HOST(string-replace-model.js):18:13)
    node 123: read-variable['searchValueIsRegExp',v21,v2] (HOST(string-replace-model.js):19:13)
    node 124: if[v21](true-block:50,false-block:39)* (HOST(string-replace-model.js):19:9)
    ->[block 39,block 50]
  block 39:
    node 125: read-variable['searchValue',v23,v2] (HOST(string-replace-model.js):35:27)
    node 126: constant["",v24] (HOST(string-replace-model.js):35:41)
    node 127: +[v23,v24,v22] (HOST(string-replace-model.js):35:27)
    node 128: write-variable[v22,'searchValue']* (HOST(string-replace-model.js):35:13)
    ->[block 40]
  block 40:
    node 129: call[TAJS_newArray,v25] (HOST(string-replace-model.js):36:37)
    ->[block 41]
  block 41:
    node 130: write-variable[v25,'callbackArguments']* (HOST(string-replace-model.js):36:17)
    node 131: read-variable['string',v30,-] (HOST(string-replace-model.js):37:30)
    node 132: read-property[v30,'indexOf',-] (HOST(string-replace-model.js):37:30)
    node 133: <variable-non-null-undef>['string'] (HOST(string-replace-model.js):37:30)
    node 134: read-variable['searchValue',v31,v2] (HOST(string-replace-model.js):37:45)
    ->[block 42]
  block 42:
    node 135: call[v30,'indexOf',v31,v28] (HOST(string-replace-model.js):37:30)
    ->[block 43]
  block 43:
    node 136: write-variable[v28,'indexMatch']* (HOST(string-replace-model.js):37:17)
    node 137: read-variable['indexMatch',v33,v2] (HOST(string-replace-model.js):38:17)
    node 138: constant[-1.0,v34] (HOST(string-replace-model.js):38:32)
    node 139: !==[v33,v34,v32] (HOST(string-replace-model.js):38:17)
    node 140: if[v32](true-block:44,false-block:75)* (HOST(string-replace-model.js):38:13)
    ->[block 44,block 75]
  block 44:
    node 141: read-variable['callbackArguments',v36,v2] (HOST(string-replace-model.js):39:17)
    node 142: constant[0.0,v37] (HOST(string-replace-model.js):39:35)
    node 143: read-variable['searchValue',v35,v2] (HOST(string-replace-model.js):39:40)
    node 144: write-property[v36,v37,v35] (HOST(string-replace-model.js):39:17)
    node 145: <variable-non-null-undef>['callbackArguments']* (HOST(string-replace-model.js):39:17)
    node 146: read-variable['callbackArguments',v39,-] (HOST(string-replace-model.js):40:17)
    node 147: read-property[v39,'push',-] (HOST(string-replace-model.js):40:17)
    node 148: <variable-non-null-undef>['callbackArguments'] (HOST(string-replace-model.js):40:17)
    node 149: read-variable['indexMatch',v40,v2] (HOST(string-replace-model.js):40:40)
    ->[block 45]
  block 45:
    node 150: call[v39,'push',v40,-]* (HOST(string-replace-model.js):40:17)
    ->[block 46]
  block 46:
    node 151: read-variable['callbackArguments',v42,-] (HOST(string-replace-model.js):41:17)
    node 152: read-property[v42,'push',-] (HOST(string-replace-model.js):41:17)
    node 153: <variable-non-null-undef>['callbackArguments'] (HOST(string-replace-model.js):41:17)
    node 154: read-variable['string',v43,v2] (HOST(string-replace-model.js):41:40)
    ->[block 47]
  block 47:
    node 155: call[v42,'push',v43,-]* (HOST(string-replace-model.js):41:17)
    ->[block 48]
  block 48:
    node 156: read-variable['matches',v45,-] (HOST(string-replace-model.js):42:17)
    node 157: read-property[v45,'push',-] (HOST(string-replace-model.js):42:17)
    node 158: <variable-non-null-undef>['matches'] (HOST(string-replace-model.js):42:17)
    node 159: read-variable['callbackArguments',v46,v2] (HOST(string-replace-model.js):42:30)
    ->[block 49]
  block 49:
    node 160: call[v45,'push',v46,-]* (HOST(string-replace-model.js):42:17)
    ->[block 75]
  block 50:
    node 161: read-variable['searchValue',v28,-] (HOST(string-replace-model.js):23:36)
    node 162: read-property[v28,'exec',-] (HOST(string-replace-model.js):23:36)
    node 163: <variable-non-null-undef>['searchValue'] (HOST(string-replace-model.js):23:36)
    node 164: read-variable['string',v29,v2] (HOST(string-replace-model.js):23:53)
    ->[block 51] ~>[block 73]
  block 51:
    node 165: call[v28,'exec',v29,v26] (HOST(string-replace-model.js):23:36)
    ->[block 52] ~>[block 73]
  block 52:
    node 166: write-variable[v26,'matchThatIsFound']* (HOST(string-replace-model.js):23:17)
    node 167: read-variable['matchThatIsFound',v31,v2] (HOST(string-replace-model.js):24:21)
    node 168: constant[null,v32] (HOST(string-replace-model.js):24:42)
    node 169: !==[v31,v32,v30] (HOST(string-replace-model.js):24:21)
    node 170: if[v30](true-block:53,false-block:68)* (HOST(string-replace-model.js):24:17)
    ->[block 53,block 68] ~>[block 73]
  block 53:
    node 171: call[TAJS_newArray,v33] (HOST(string-replace-model.js):25:45)
    ->[block 54] ~>[block 73]
  block 54:
    node 172: write-variable[v33,'callbackArguments']* (HOST(string-replace-model.js):25:25)
    ->[block 55] ~>[block 73]
  block 55:
    node 173: constant[0.0,v36] (HOST(string-replace-model.js):26:34)
    node 174: write-variable[v36,'i']* (HOST(string-replace-model.js):26:30)
    ->[block 56] ~>[block 73]
  block 56:
    node 175: read-variable['i',v38,v2] (HOST(string-replace-model.js):26:37)
    node 176: read-variable['matchThatIsFound',v40,v2] (HOST(string-replace-model.js):26:41)
    node 177: read-property[v40,'length',v39] (HOST(string-replace-model.js):26:41)
    node 178: <variable-non-null-undef>['matchThatIsFound'] (HOST(string-replace-model.js):26:41)
    node 179: <[v38,v39,v37] (HOST(string-replace-model.js):26:37)
    node 180: begin-loop[v37] (HOST(string-replace-model.js):26:71)
    ->[block 57] ~>[block 60]
  block 57:
    node 181: if[v37](true-block:58,false-block:61)* (HOST(string-replace-model.js):26:37)
    ->[block 58,block 61] ~>[block 60]
  block 58:
    node 182: read-variable['callbackArguments',v42,v2] (HOST(string-replace-model.js):27:25)
    node 183: read-variable['i',v43,v2] (HOST(string-replace-model.js):27:43)
    node 184: read-variable['matchThatIsFound',v44,v2] (HOST(string-replace-model.js):27:48)
    node 185: read-variable['i',v45,v2] (HOST(string-replace-model.js):27:65)
    node 186: read-property[v44,v45,v41] (HOST(string-replace-model.js):27:48)
    node 187: <variable-non-null-undef>['matchThatIsFound'] (HOST(string-replace-model.js):27:48)
    node 188: write-property[v42,v43,v41] (HOST(string-replace-model.js):27:25)
    node 189: <variable-non-null-undef>['callbackArguments']* (HOST(string-replace-model.js):27:25)
    ->[block 59] ~>[block 60]
  block 59:
    node 190: read-variable['i',v46,v2] (HOST(string-replace-model.js):26:66)
    node 191: +[v46,v47] (HOST(string-replace-model.js):26:66)
    node 192: constant[1.0,v48] (HOST(string-replace-model.js):26:66)
    node 193: +[v47,v48,v49] (HOST(string-replace-model.js):26:66)
    node 194: write-variable[v49,'i']* (HOST(string-replace-model.js):26:66)
    ->[block 56] ~>[block 60]
  block 60:
    node 195: end-loop[v37]* (HOST(string-replace-model.js):26:37)
    ->[block 73]
  block 61:
    node 196: end-loop[v37]* (HOST(string-replace-model.js):26:37)
    ->[block 62] ~>[block 73]
  block 62:
    node 197: read-variable['callbackArguments',v51,-] (HOST(string-replace-model.js):29:21)
    node 198: read-property[v51,'push',-] (HOST(string-replace-model.js):29:21)
    node 199: <variable-non-null-undef>['callbackArguments'] (HOST(string-replace-model.js):29:21)
    node 200: read-variable['matchThatIsFound',v53,v2] (HOST(string-replace-model.js):29:44)
    node 201: read-property[v53,'index',v52] (HOST(string-replace-model.js):29:44)
    node 202: <variable-non-null-undef>['matchThatIsFound'] (HOST(string-replace-model.js):29:44)
    ->[block 63] ~>[block 73]
  block 63:
    node 203: call[v51,'push',v52,-]* (HOST(string-replace-model.js):29:21)
    ->[block 64] ~>[block 73]
  block 64:
    node 204: read-variable['callbackArguments',v55,-] (HOST(string-replace-model.js):30:21)
    node 205: read-property[v55,'push',-] (HOST(string-replace-model.js):30:21)
    node 206: <variable-non-null-undef>['callbackArguments'] (HOST(string-replace-model.js):30:21)
    node 207: read-variable['matchThatIsFound',v57,v2] (HOST(string-replace-model.js):30:44)
    node 208: read-property[v57,'input',v56] (HOST(string-replace-model.js):30:44)
    node 209: <variable-non-null-undef>['matchThatIsFound'] (HOST(string-replace-model.js):30:44)
    ->[block 65] ~>[block 73]
  block 65:
    node 210: call[v55,'push',v56,-]* (HOST(string-replace-model.js):30:21)
    ->[block 66] ~>[block 73]
  block 66:
    node 211: read-variable['matches',v59,-] (HOST(string-replace-model.js):31:21)
    node 212: read-property[v59,'push',-] (HOST(string-replace-model.js):31:21)
    node 213: <variable-non-null-undef>['matches'] (HOST(string-replace-model.js):31:21)
    node 214: read-variable['callbackArguments',v60,v2] (HOST(string-replace-model.js):31:34)
    ->[block 67] ~>[block 73]
  block 67:
    node 215: call[v59,'push',v60,-]* (HOST(string-replace-model.js):31:21)
    ->[block 68] ~>[block 73]
  block 68:
    node 216: read-variable['matchThatIsFound',v23,v2] (HOST(string-replace-model.js):33:22)
    node 217: constant[null,v24] (HOST(string-replace-model.js):33:43)
    node 218: !==[v23,v24,v22] (HOST(string-replace-model.js):33:22)
    ->[block 69] ~>[block 73]
  block 69:
    node 219: if[v22](true-block:70,false-block:71) (HOST(string-replace-model.js):33:22)
    ->[block 70,block 71] ~>[block 73]
  block 70:
    node 220: read-variable['searchValue',v25,v2] (HOST(string-replace-model.js):33:51)
    node 221: read-property[v25,'global',v22] (HOST(string-replace-model.js):33:51)
    node 222: <variable-non-null-undef>['searchValue'] (HOST(string-replace-model.js):33:51)
    ->[block 71] ~>[block 73]
  block 71:
    node 223: begin-loop[v22] (HOST(string-replace-model.js):22:16)
    ->[block 72] ~>[block 73]
  block 72:
    node 224: if[v22](true-block:50,false-block:74)* (HOST(string-replace-model.js):33:22)
    ->[block 50,block 74] ~>[block 73]
  block 73:
    node 225: end-loop[v22]* (HOST(string-replace-model.js):33:22)
    ->[block 102]
  block 74:
    node 226: end-loop[v22]* (HOST(string-replace-model.js):33:22)
    ->[block 75]
  block 75:
    node 227: call[TAJS_newArray,v22] (HOST(string-replace-model.js):45:37)
    ->[block 76]
  block 76:
    node 228: write-variable[v22,'replacementSubstrings']* (HOST(string-replace-model.js):45:13)
    ->[block 77]
  block 77:
    node 229: constant[0.0,v25] (HOST(string-replace-model.js):47:22)
    node 230: write-variable[v25,'j']* (HOST(string-replace-model.js):47:18)
    ->[block 78]
  block 78:
    node 231: read-variable['j',v27,v2] (HOST(string-replace-model.js):47:25)
    node 232: read-variable['matches',v29,v2] (HOST(string-replace-model.js):47:29)
    node 233: read-property[v29,'length',v28] (HOST(string-replace-model.js):47:29)
    node 234: <variable-non-null-undef>['matches'] (HOST(string-replace-model.js):47:29)
    node 235: <[v27,v28,v26] (HOST(string-replace-model.js):47:25)
    node 236: begin-loop[v26] (HOST(string-replace-model.js):47:50)
    ->[block 79] ~>[block 87]
  block 79:
    node 237: if[v26](true-block:80,false-block:88)* (HOST(string-replace-model.js):47:25)
    ->[block 80,block 88] ~>[block 87]
  block 80:
    node 238: read-variable['matches',v31,v2] (HOST(string-replace-model.js):48:30)
    node 239: read-variable['j',v32,v2] (HOST(string-replace-model.js):48:38)
    node 240: read-property[v31,v32,v30] (HOST(string-replace-model.js):48:30)
    node 241: <variable-non-null-undef>['matches'] (HOST(string-replace-model.js):48:30)
    node 242: write-variable[v30,'matchToUse']* (HOST(string-replace-model.js):48:17)
    node 243: read-variable['matchToUse',v34,v2] (HOST(string-replace-model.js):49:30)
    node 244: read-variable['matchToUse',v38,v2] (HOST(string-replace-model.js):49:41)
    node 245: read-property[v38,'length',v36] (HOST(string-replace-model.js):49:41)
    node 246: <variable-non-null-undef>['matchToUse'] (HOST(string-replace-model.js):49:41)
    node 247: constant[2.0,v37] (HOST(string-replace-model.js):49:61)
    node 248: -[v36,v37,v35] (HOST(string-replace-model.js):49:41)
    node 249: read-property[v34,v35,v33] (HOST(string-replace-model.js):49:30)
    node 250: <variable-non-null-undef>['matchToUse'] (HOST(string-replace-model.js):49:30)
    node 251: write-variable[v33,'startIndex']* (HOST(string-replace-model.js):49:17)
    node 252: read-variable['startIndex',v40,v2] (HOST(string-replace-model.js):50:28)
    node 253: read-variable['matchToUse',v43,v2] (HOST(string-replace-model.js):50:41)
    node 254: constant[0.0,v44] (HOST(string-replace-model.js):50:52)
    node 255: read-property[v43,v44,v42] (HOST(string-replace-model.js):50:41)
    node 256: <variable-non-null-undef>['matchToUse'] (HOST(string-replace-model.js):50:41)
    node 257: read-property[v42,'length',v41] (HOST(string-replace-model.js):50:41)
    node 258: <property-non-null-undef>[v43,v44] (HOST(string-replace-model.js):50:41)
    node 259: +[v40,v41,v39] (HOST(string-replace-model.js):50:28)
    node 260: write-variable[v39,'endIndex']* (HOST(string-replace-model.js):50:17)
    node 261: read-variable['replaceValue',v49,-] (HOST(string-replace-model.js):51:40)
    node 262: read-property[v49,'apply',-] (HOST(string-replace-model.js):51:40)
    node 263: <variable-non-null-undef>['replaceValue'] (HOST(string-replace-model.js):51:40)
    node 264: read-variable['undefined',v50,v2] (HOST(string-replace-model.js):51:59)
    node 265: read-variable['matchToUse',v51,v2] (HOST(string-replace-model.js):51:70)
    ->[block 81] ~>[block 87]
  block 81:
    node 266: call[v49,'apply',v50,v51,v46] (HOST(string-replace-model.js):51:40)
    ->[block 82] ~>[block 87]
  block 82:
    node 267: constant["",v47] (HOST(string-replace-model.js):51:84)
    node 268: +[v46,v47,v45] (HOST(string-replace-model.js):51:40)
    node 269: write-variable[v45,'replacementSubstring']* (HOST(string-replace-model.js):51:17)
    ->[block 83] ~>[block 87]
  block 83:
    node 270: call[TAJS_newObject,v52] (HOST(string-replace-model.js):52:31)
    ->[block 84] ~>[block 87]
  block 84:
    node 271: write-variable[v52,'replacement']* (HOST(string-replace-model.js):52:17)
    node 272: read-variable['replacement',v56,v2] (HOST(string-replace-model.js):53:13)
    node 273: read-variable['startIndex',v55,v2] (HOST(string-replace-model.js):53:38)
    node 274: write-property[v56,'startIndex',v55] (HOST(string-replace-model.js):53:13)
    node 275: <variable-non-null-undef>['replacement']* (HOST(string-replace-model.js):53:13)
    node 276: read-variable['replacement',v58,v2] (HOST(string-replace-model.js):54:13)
    node 277: read-variable['replacementSubstring',v57,v2] (HOST(string-replace-model.js):54:37)
    node 278: write-property[v58,'substring',v57] (HOST(string-replace-model.js):54:13)
    node 279: <variable-non-null-undef>['replacement']* (HOST(string-replace-model.js):54:13)
    node 280: read-variable['replacement',v60,v2] (HOST(string-replace-model.js):55:13)
    node 281: read-variable['endIndex',v59,v2] (HOST(string-replace-model.js):55:36)
    node 282: write-property[v60,'endIndex',v59] (HOST(string-replace-model.js):55:13)
    node 283: <variable-non-null-undef>['replacement']* (HOST(string-replace-model.js):55:13)
    node 284: read-variable['replacementSubstrings',v62,-] (HOST(string-replace-model.js):56:13)
    node 285: read-property[v62,'unshift',-] (HOST(string-replace-model.js):56:13)
    node 286: <variable-non-null-undef>['replacementSubstrings'] (HOST(string-replace-model.js):56:13)
    node 287: read-variable['replacement',v63,v2] (HOST(string-replace-model.js):56:43)
    ->[block 85] ~>[block 87]
  block 85:
    node 288: call[v62,'unshift',v63,-]* (HOST(string-replace-model.js):56:13)
    ->[block 86] ~>[block 87]
  block 86:
    node 289: read-variable['j',v64,v2] (HOST(string-replace-model.js):47:45)
    node 290: +[v64,v65] (HOST(string-replace-model.js):47:45)
    node 291: constant[1.0,v66] (HOST(string-replace-model.js):47:45)
    node 292: +[v65,v66,v67] (HOST(string-replace-model.js):47:45)
    node 293: write-variable[v67,'j']* (HOST(string-replace-model.js):47:45)
    ->[block 78] ~>[block 87]
  block 87:
    node 294: end-loop[v26]* (HOST(string-replace-model.js):47:25)
    ->[block 102]
  block 88:
    node 295: end-loop[v26]* (HOST(string-replace-model.js):47:25)
    ->[block 89]
  block 89:
    node 296: constant[0.0,v68] (HOST(string-replace-model.js):59:22)
    node 297: write-variable[v68,'k']* (HOST(string-replace-model.js):59:18)
    ->[block 90]
  block 90:
    node 298: read-variable['k',v70,v2] (HOST(string-replace-model.js):59:25)
    node 299: read-variable['replacementSubstrings',v72,v2] (HOST(string-replace-model.js):59:29)
    node 300: read-property[v72,'length',v71] (HOST(string-replace-model.js):59:29)
    node 301: <variable-non-null-undef>['replacementSubstrings'] (HOST(string-replace-model.js):59:29)
    node 302: <[v70,v71,v69] (HOST(string-replace-model.js):59:25)
    node 303: begin-loop[v69] (HOST(string-replace-model.js):59:64)
    ->[block 91] ~>[block 98]
  block 91:
    node 304: if[v69](true-block:92,false-block:99)* (HOST(string-replace-model.js):59:25)
    ->[block 92,block 99] ~>[block 98]
  block 92:
    node 305: read-variable['replacementSubstrings',v74,v2] (HOST(string-replace-model.js):60:31)
    node 306: read-variable['k',v75,v2] (HOST(string-replace-model.js):60:53)
    node 307: read-property[v74,v75,v73] (HOST(string-replace-model.js):60:31)
    node 308: <variable-non-null-undef>['replacementSubstrings'] (HOST(string-replace-model.js):60:31)
    node 309: write-variable[v73,'replacement']* (HOST(string-replace-model.js):60:17)
    node 310: read-variable['string',v78,-] (HOST(string-replace-model.js):61:26)
    node 311: read-property[v78,'substring',-] (HOST(string-replace-model.js):61:26)
    node 312: <variable-non-null-undef>['string'] (HOST(string-replace-model.js):61:26)
    node 313: constant[0.0,v79] (HOST(string-replace-model.js):61:43)
    node 314: read-variable['replacement',v81,v2] (HOST(string-replace-model.js):61:46)
    node 315: read-property[v81,'startIndex',v80] (HOST(string-replace-model.js):61:46)
    node 316: <variable-non-null-undef>['replacement'] (HOST(string-replace-model.js):61:46)
    ->[block 93] ~>[block 98]
  block 93:
    node 317: call[v78,'substring',v79,v80,v76] (HOST(string-replace-model.js):61:26)
    ->[block 94] ~>[block 98]
  block 94:
    node 318: write-variable[v76,'prefix']* (HOST(string-replace-model.js):61:17)
    node 319: read-variable['string',v84,-] (HOST(string-replace-model.js):62:26)
    node 320: read-property[v84,'substring',-] (HOST(string-replace-model.js):62:26)
    node 321: <variable-non-null-undef>['string'] (HOST(string-replace-model.js):62:26)
    node 322: read-variable['replacement',v86,v2] (HOST(string-replace-model.js):62:43)
    node 323: read-property[v86,'endIndex',v85] (HOST(string-replace-model.js):62:43)
    node 324: <variable-non-null-undef>['replacement'] (HOST(string-replace-model.js):62:43)
    ->[block 95] ~>[block 98]
  block 95:
    node 325: call[v84,'substring',v85,v82] (HOST(string-replace-model.js):62:26)
    ->[block 96] ~>[block 98]
  block 96:
    node 326: write-variable[v82,'suffix']* (HOST(string-replace-model.js):62:17)
    node 327: read-variable['prefix',v90,v2] (HOST(string-replace-model.js):63:26)
    node 328: read-variable['replacement',v92,v2] (HOST(string-replace-model.js):63:35)
    node 329: read-property[v92,'substring',v91] (HOST(string-replace-model.js):63:35)
    node 330: <variable-non-null-undef>['replacement'] (HOST(string-replace-model.js):63:35)
    node 331: +[v90,v91,v88] (HOST(string-replace-model.js):63:26)
    node 332: read-variable['suffix',v89,v2] (HOST(string-replace-model.js):63:59)
    node 333: +[v88,v89,v87] (HOST(string-replace-model.js):63:26)
    node 334: write-variable[v87,'result']* (HOST(string-replace-model.js):63:17)
    node 335: read-variable['result',v93,v2] (HOST(string-replace-model.js):64:22)
    node 336: write-variable[v93,'string']* (HOST(string-replace-model.js):64:13)
    ->[block 97] ~>[block 98]
  block 97:
    node 337: read-variable['k',v94,v2] (HOST(string-replace-model.js):59:59)
    node 338: +[v94,v95] (HOST(string-replace-model.js):59:59)
    node 339: constant[1.0,v96] (HOST(string-replace-model.js):59:59)
    node 340: +[v95,v96,v97] (HOST(string-replace-model.js):59:59)
    node 341: write-variable[v97,'k']* (HOST(string-replace-model.js):59:59)
    ->[block 90] ~>[block 98]
  block 98:
    node 342: end-loop[v69]* (HOST(string-replace-model.js):59:25)
    ->[block 102]
  block 99:
    node 343: end-loop[v69]* (HOST(string-replace-model.js):59:25)
    ->[block 100]
  block 100:
    node 344: read-variable['string',v1,v2]* (HOST(string-replace-model.js):66:16)
    ->[block 101]
  block 101: [exit-ordinary]
    node 345: return[v1] (HOST(string-replace-model.js):3:12)
    ->[]
  block 102: [exit-exceptional]
    node 346: exceptional-return (HOST(string-replace-model.js):3:12)
    ->[]

test/flowgraphbuilder/flowgraph_builder0110.js: [definite] Ordinary program exit is unreachable
test/flowgraphbuilder/flowgraph_builder0110.js:4:12: [definite] ReferenceError, reading absent variable z
test/flowgraphbuilder/flowgraph_builder0110.js:1:10: [definite] Dead assignment, property a is never read
test/flowgraphbuilder/flowgraph_builder0110.js:2:10: [definite] Dead assignment, property b is never read
test/flowgraphbuilder/flowgraph_builder0110.js:1:5: [definite] The variable x is never used
test/flowgraphbuilder/flowgraph_builder0110.js:2:5: [definite] The variable y is never used
test/flowgraphbuilder/flowgraph_builder0110.js:4:12: [definite] Unreachable code
test/flowgraphbuilder/flowgraph_builder0110.js: [maybe] Uncaught exception, constructed at [test/flowgraphbuilder/flowgraph_builder0110.js:4:12]
