fg2: <main> function()
  block 0: [entry]
    node 0: constant[undefined,v1] (test/flowgraphbuilder/flowgraph_builder0201b.js)
    ->[block 1]
  block 1:
    node 1: constant["tajs-host-env:string-replace-model.js",v2] (host-environment-sources-loader)
    node 2: constant[true,v3] (host-environment-sources-loader)
    ->[block 2]
  block 2:
    node 3: call[TAJS_load,v2,v3,v4] (host-environment-sources-loader)
    ->[block 3]
  block 3:
    node 4: call[-,v4,-] (host-environment-sources-loader)
    ->[block 4]
  block 4:
    node 5: read-variable['o',v5,-] (test/flowgraphbuilder/flowgraph_builder0201b.js:1:11)
    ->[block 8]
  block 5:
    node 6: end-for-in(begin-node:9)* (test/flowgraphbuilder/flowgraph_builder0201b.js:1:1)
    ->[block 8]
  block 6:
    node 7: nop(continue <DEFAULT>)* (test/flowgraphbuilder/flowgraph_builder0201b.js:3:5)
    ->[block 7] ~>[block 11]
  block 7:
    node 8: end-for-in(begin-node:9)* (test/flowgraphbuilder/flowgraph_builder0201b.js:1:1)
    ->[block 8]
  block 8:
    node 9: begin-for-in[v5,v6] (test/flowgraphbuilder/flowgraph_builder0201b.js:1:1)
    ->[block 9]
  block 9:
    node 10: has-next[v6,v7] (test/flowgraphbuilder/flowgraph_builder0201b.js:1:1)
    node 11: if[v7](true-block:10,false-block:13) (test/flowgraphbuilder/flowgraph_builder0201b.js:1:1)
    ->[block 10,block 13] ~>[block 11]
  block 10:
    node 12: next-property[v6,v8] (test/flowgraphbuilder/flowgraph_builder0201b.js:1:6)
    node 13: write-variable[v8,'p']* (test/flowgraphbuilder/flowgraph_builder0201b.js:1:6)
    ->[block 12] ~>[block 11]
  block 11:
    node 14: end-for-in(begin-node:9)* (test/flowgraphbuilder/flowgraph_builder0201b.js:1:1)
    ->[block 15]
  block 12:
    node 15: end-for-in(begin-node:9)* (test/flowgraphbuilder/flowgraph_builder0201b.js:1:1)
    ->[block 14]
  block 13:
    node 16: end-for-in(begin-node:9)* (test/flowgraphbuilder/flowgraph_builder0201b.js:1:1)
    ->[block 14]
  block 14: [exit-ordinary]
    node 17: return[v1] (test/flowgraphbuilder/flowgraph_builder0201b.js)
    ->[]
  block 15: [exit-exceptional]
    node 18: exceptional-return (test/flowgraphbuilder/flowgraph_builder0201b.js)
    ->[]

fg2: <main> function()
  block 0: [entry]
    node 0: constant[undefined,v1] (test/flowgraphbuilder/flowgraph_builder0201b.js)
    ->[block 1]
  block 1:
    node 1: constant["tajs-host-env:string-replace-model.js",v2] (host-environment-sources-loader)
    node 2: constant[true,v3] (host-environment-sources-loader)
    ->[block 2]
  block 2:
    node 3: call[TAJS_load,v2,v3,v4] (host-environment-sources-loader)
    ->[block 3]
  block 3:
    node 4: call[-,v4,-] (host-environment-sources-loader)
    ->[block 4]
  block 4:
    node 5: read-variable['o',v5,-] (test/flowgraphbuilder/flowgraph_builder0201b.js:1:11)
    ->[block 8]
  block 5:
    node 6: end-for-in(begin-node:9)* (test/flowgraphbuilder/flowgraph_builder0201b.js:1:1)
    ->[block 8]
  block 6:
    node 7: nop(continue <DEFAULT>)* (test/flowgraphbuilder/flowgraph_builder0201b.js:3:5)
    ->[block 7] ~>[block 11]
  block 7:
    node 8: end-for-in(begin-node:9)* (test/flowgraphbuilder/flowgraph_builder0201b.js:1:1)
    ->[block 8]
  block 8:
    node 9: begin-for-in[v5,v6] (test/flowgraphbuilder/flowgraph_builder0201b.js:1:1)
    ->[block 9]
  block 9:
    node 10: has-next[v6,v7] (test/flowgraphbuilder/flowgraph_builder0201b.js:1:1)
    node 11: if[v7](true-block:10,false-block:13) (test/flowgraphbuilder/flowgraph_builder0201b.js:1:1)
    ->[block 10,block 13] ~>[block 11]
  block 10:
    node 12: next-property[v6,v8] (test/flowgraphbuilder/flowgraph_builder0201b.js:1:6)
    node 13: write-variable[v8,'p']* (test/flowgraphbuilder/flowgraph_builder0201b.js:1:6)
    ->[block 12] ~>[block 11]
  block 11:
    node 14: end-for-in(begin-node:9)* (test/flowgraphbuilder/flowgraph_builder0201b.js:1:1)
    ->[block 15]
  block 12:
    node 15: end-for-in(begin-node:9)* (test/flowgraphbuilder/flowgraph_builder0201b.js:1:1)
    ->[block 14]
  block 13:
    node 16: end-for-in(begin-node:9)* (test/flowgraphbuilder/flowgraph_builder0201b.js:1:1)
    ->[block 14]
  block 14: [exit-ordinary]
    node 17: return[v1] (test/flowgraphbuilder/flowgraph_builder0201b.js)
    ->[]
  block 15: [exit-exceptional]
    node 18: exceptional-return (test/flowgraphbuilder/flowgraph_builder0201b.js)
    ->[]
function()
  block 16: [entry]
    node 19: constant[undefined,v1] (HOST(string-replace-model.js):1:1)
    ->[block 17]
  block 17:
    node 20: read-variable['Object',v4,-] (HOST(string-replace-model.js):1:1)
    node 21: read-property[v4,'defineProperty',-] (HOST(string-replace-model.js):1:1)
    node 22: <variable-non-null-undef>['Object'] (HOST(string-replace-model.js):1:1)
    node 23: read-variable['String',v6,v2] (HOST(string-replace-model.js):1:23)
    node 24: read-property[v6,'prototype',v5] (HOST(string-replace-model.js):1:23)
    node 25: <variable-non-null-undef>['String'] (HOST(string-replace-model.js):1:23)
    node 26: constant["replace",v7] (HOST(string-replace-model.js):1:41)
    node 27: new[v8] (HOST(string-replace-model.js):1:52)
    node 28: constant[true,v9] (HOST(string-replace-model.js):2:15)
    node 29: write-property[v8,'writable',v9] (HOST(string-replace-model.js):2:5)
    node 30: constant[false,v10] (HOST(string-replace-model.js):2:33)
    node 31: write-property[v8,'enumerable',v10] (HOST(string-replace-model.js):2:21)
    node 32: constant[true,v11] (HOST(string-replace-model.js):2:54)
    node 33: write-property[v8,'configurable',v11] (HOST(string-replace-model.js):2:40)
    node 34: function-expr[function replace(searchValue,replaceValue),v12] (HOST(string-replace-model.js):3:12)
    node 35: write-property[v8,'value',v12] (HOST(string-replace-model.js):3:5)
    ->[block 18]
  block 18:
    node 36: call[v4,'defineProperty',v5,v7,v8,-]* (HOST(string-replace-model.js):1:1)
    ->[block 19]
  block 19:
    node 37: read-variable['String',v17,v2] (HOST(string-replace-model.js):69:27)
    node 38: read-property[v17,'prototype',v16] (HOST(string-replace-model.js):69:27)
    node 39: <variable-non-null-undef>['String'] (HOST(string-replace-model.js):69:27)
    node 40: read-property[v16,'replace',v15] (HOST(string-replace-model.js):69:27)
    node 41: <property-non-null-undef>[v17,'prototype'] (HOST(string-replace-model.js):69:27)
    node 42: constant[-1.0,v18] (HOST(string-replace-model.js):69:53)
    ->[block 20]
  block 20:
    node 43: call[TAJS_makeContextSensitive,v15,v18,-]* (HOST(string-replace-model.js):69:1)
    ->[block 21]
  block 21:
    node 44: read-variable['String',v23,v2] (HOST(string-replace-model.js):70:27)
    node 45: read-property[v23,'prototype',v22] (HOST(string-replace-model.js):70:27)
    node 46: <variable-non-null-undef>['String'] (HOST(string-replace-model.js):70:27)
    node 47: read-property[v22,'replace',v21] (HOST(string-replace-model.js):70:27)
    node 48: <property-non-null-undef>[v23,'prototype'] (HOST(string-replace-model.js):70:27)
    node 49: constant[0.0,v24] (HOST(string-replace-model.js):70:53)
    ->[block 22]
  block 22:
    node 50: call[TAJS_makeContextSensitive,v21,v24,-]* (HOST(string-replace-model.js):70:1)
    ->[block 23]
  block 23:
    node 51: read-variable['String',v29,v2] (HOST(string-replace-model.js):71:27)
    node 52: read-property[v29,'prototype',v28] (HOST(string-replace-model.js):71:27)
    node 53: <variable-non-null-undef>['String'] (HOST(string-replace-model.js):71:27)
    node 54: read-property[v28,'replace',v27] (HOST(string-replace-model.js):71:27)
    node 55: <property-non-null-undef>[v29,'prototype'] (HOST(string-replace-model.js):71:27)
    node 56: constant[1.0,v30] (HOST(string-replace-model.js):71:53)
    ->[block 24]
  block 24:
    node 57: call[TAJS_makeContextSensitive,v27,v30,-]* (HOST(string-replace-model.js):71:1)
    ->[block 25]
  block 25: [exit-ordinary]
    node 58: return[v1] (HOST(string-replace-model.js):1:1)
    ->[]
  block 26: [exit-exceptional]
    node 59: exceptional-return (HOST(string-replace-model.js):1:1)
    ->[]
function replace(searchValue,replaceValue)
  block 27: [entry]
    node 60: constant[undefined,v1] (HOST(string-replace-model.js):3:12)
    node 61: vardecl['receiver']* (HOST(string-replace-model.js):8:13)
    node 62: vardecl['string']* (HOST(string-replace-model.js):10:13)
    node 63: vardecl['searchValueIsRegExp']* (HOST(string-replace-model.js):16:13)
    node 64: vardecl['matches']* (HOST(string-replace-model.js):18:13)
    node 65: vardecl['matchThatIsFound']* (HOST(string-replace-model.js):21:17)
    node 66: vardecl['callbackArguments']* (HOST(string-replace-model.js):25:25)
    node 67: vardecl['i']* (HOST(string-replace-model.js):26:30)
    node 68: vardecl['indexMatch']* (HOST(string-replace-model.js):37:17)
    node 69: vardecl['replacementSubstrings']* (HOST(string-replace-model.js):45:13)
    node 70: vardecl['j']* (HOST(string-replace-model.js):47:18)
    node 71: vardecl['matchToUse']* (HOST(string-replace-model.js):48:17)
    node 72: vardecl['startIndex']* (HOST(string-replace-model.js):49:17)
    node 73: vardecl['endIndex']* (HOST(string-replace-model.js):50:17)
    node 74: vardecl['replacementSubstring']* (HOST(string-replace-model.js):51:17)
    node 75: vardecl['replacement']* (HOST(string-replace-model.js):52:17)
    node 76: vardecl['k']* (HOST(string-replace-model.js):59:18)
    node 77: vardecl['prefix']* (HOST(string-replace-model.js):61:17)
    node 78: vardecl['suffix']* (HOST(string-replace-model.js):62:17)
    node 79: vardecl['result']* (HOST(string-replace-model.js):63:17)
    ->[block 28]
  block 28:
    node 80: read-variable['this',v4,-] (HOST(string-replace-model.js):5:13)
    node 81: constant[null,v5] (HOST(string-replace-model.js):5:22)
    node 82: ===[v4,v5,v3] (HOST(string-replace-model.js):5:13)
    ->[block 29]
  block 29:
    node 83: if[v3](true-block:31,false-block:30) (HOST(string-replace-model.js):5:13)
    ->[block 30,block 31]
  block 30:
    node 84: read-variable['this',v6,-] (HOST(string-replace-model.js):5:30)
    node 85: read-variable['undefined',v7,v2] (HOST(string-replace-model.js):5:39)
    node 86: ===[v6,v7,v3] (HOST(string-replace-model.js):5:30)
    node 87: if[v3](true-block:31,false-block:34)* (HOST(string-replace-model.js):5:9)
    ->[block 31,block 34]
  block 31:
    node 88: read-variable['TypeError',v9,-] (HOST(string-replace-model.js):6:23)
    ->[block 32]
  block 32:
    node 89: construct[-,v9,v8] (HOST(string-replace-model.js):6:19)
    ->[block 33]
  block 33:
    node 90: throw[v8]* (HOST(string-replace-model.js):6:13)
    ->[block 34]
  block 34:
    node 91: read-variable['this',v8,-] (HOST(string-replace-model.js):8:24)
    node 92: write-variable[v8,'receiver']* (HOST(string-replace-model.js):8:13)
    node 93: read-variable['receiver',v10,v2] (HOST(string-replace-model.js):10:22)
    node 94: constant["",v11] (HOST(string-replace-model.js):10:33)
    node 95: +[v10,v11,v9] (HOST(string-replace-model.js):10:22)
    node 96: write-variable[v9,'string']* (HOST(string-replace-model.js):10:13)
    node 97: typeof['replaceValue',v13] (HOST(string-replace-model.js):11:13)
    node 98: constant["function",v14] (HOST(string-replace-model.js):11:37)
    node 99: !==[v13,v14,v12] (HOST(string-replace-model.js):11:13)
    node 100: if[v12](true-block:35,false-block:37)* (HOST(string-replace-model.js):11:9)
    ->[block 35,block 37]
  block 35:
    node 101: read-variable['string',v17,v2] (HOST(string-replace-model.js):13:49)
    node 102: read-variable['searchValue',v18,v2] (HOST(string-replace-model.js):13:57)
    node 103: read-variable['replaceValue',v20,v2] (HOST(string-replace-model.js):13:70)
    node 104: constant["",v21] (HOST(string-replace-model.js):13:85)
    node 105: +[v20,v21,v19] (HOST(string-replace-model.js):13:70)
    ->[block 36]
  block 36:
    node 106: call[TAJS_firstOrderStringReplace,v17,v18,v19,v1] (HOST(string-replace-model.js):13:20)
    ->[block 102]
  block 37:
    node 107: read-variable['searchValue',v16,v2] (HOST(string-replace-model.js):16:35)
    node 108: read-variable['RegExp',v17,v2] (HOST(string-replace-model.js):16:58)
    node 109: instanceof[v16,v17,v15] (HOST(string-replace-model.js):16:35)
    node 110: write-variable[v15,'searchValueIsRegExp']* (HOST(string-replace-model.js):16:13)
    ->[block 38]
  block 38:
    node 111: call[TAJS_newArray,v18] (HOST(string-replace-model.js):18:23)
    ->[block 39]
  block 39:
    node 112: write-variable[v18,'matches']* (HOST(string-replace-model.js):18:13)
    node 113: read-variable['searchValueIsRegExp',v21,v2] (HOST(string-replace-model.js):19:13)
    node 114: if[v21](true-block:51,false-block:40)* (HOST(string-replace-model.js):19:9)
    ->[block 40,block 51]
  block 40:
    node 115: read-variable['searchValue',v23,v2] (HOST(string-replace-model.js):35:27)
    node 116: constant["",v24] (HOST(string-replace-model.js):35:41)
    node 117: +[v23,v24,v22] (HOST(string-replace-model.js):35:27)
    node 118: write-variable[v22,'searchValue']* (HOST(string-replace-model.js):35:13)
    ->[block 41]
  block 41:
    node 119: call[TAJS_newArray,v25] (HOST(string-replace-model.js):36:37)
    ->[block 42]
  block 42:
    node 120: write-variable[v25,'callbackArguments']* (HOST(string-replace-model.js):36:17)
    node 121: read-variable['string',v30,-] (HOST(string-replace-model.js):37:30)
    node 122: read-property[v30,'indexOf',-] (HOST(string-replace-model.js):37:30)
    node 123: <variable-non-null-undef>['string'] (HOST(string-replace-model.js):37:30)
    node 124: read-variable['searchValue',v31,v2] (HOST(string-replace-model.js):37:45)
    ->[block 43]
  block 43:
    node 125: call[v30,'indexOf',v31,v28] (HOST(string-replace-model.js):37:30)
    ->[block 44]
  block 44:
    node 126: write-variable[v28,'indexMatch']* (HOST(string-replace-model.js):37:17)
    node 127: read-variable['indexMatch',v33,v2] (HOST(string-replace-model.js):38:17)
    node 128: constant[-1.0,v34] (HOST(string-replace-model.js):38:32)
    node 129: !==[v33,v34,v32] (HOST(string-replace-model.js):38:17)
    node 130: if[v32](true-block:45,false-block:76)* (HOST(string-replace-model.js):38:13)
    ->[block 45,block 76]
  block 45:
    node 131: read-variable['callbackArguments',v36,v2] (HOST(string-replace-model.js):39:17)
    node 132: constant[0.0,v37] (HOST(string-replace-model.js):39:35)
    node 133: read-variable['searchValue',v35,v2] (HOST(string-replace-model.js):39:40)
    node 134: write-property[v36,v37,v35] (HOST(string-replace-model.js):39:17)
    node 135: <variable-non-null-undef>['callbackArguments']* (HOST(string-replace-model.js):39:17)
    node 136: read-variable['callbackArguments',v39,-] (HOST(string-replace-model.js):40:17)
    node 137: read-property[v39,'push',-] (HOST(string-replace-model.js):40:17)
    node 138: <variable-non-null-undef>['callbackArguments'] (HOST(string-replace-model.js):40:17)
    node 139: read-variable['indexMatch',v40,v2] (HOST(string-replace-model.js):40:40)
    ->[block 46]
  block 46:
    node 140: call[v39,'push',v40,-]* (HOST(string-replace-model.js):40:17)
    ->[block 47]
  block 47:
    node 141: read-variable['callbackArguments',v42,-] (HOST(string-replace-model.js):41:17)
    node 142: read-property[v42,'push',-] (HOST(string-replace-model.js):41:17)
    node 143: <variable-non-null-undef>['callbackArguments'] (HOST(string-replace-model.js):41:17)
    node 144: read-variable['string',v43,v2] (HOST(string-replace-model.js):41:40)
    ->[block 48]
  block 48:
    node 145: call[v42,'push',v43,-]* (HOST(string-replace-model.js):41:17)
    ->[block 49]
  block 49:
    node 146: read-variable['matches',v45,-] (HOST(string-replace-model.js):42:17)
    node 147: read-property[v45,'push',-] (HOST(string-replace-model.js):42:17)
    node 148: <variable-non-null-undef>['matches'] (HOST(string-replace-model.js):42:17)
    node 149: read-variable['callbackArguments',v46,v2] (HOST(string-replace-model.js):42:30)
    ->[block 50]
  block 50:
    node 150: call[v45,'push',v46,-]* (HOST(string-replace-model.js):42:17)
    ->[block 76]
  block 51:
    node 151: read-variable['searchValue',v28,-] (HOST(string-replace-model.js):23:36)
    node 152: read-property[v28,'exec',-] (HOST(string-replace-model.js):23:36)
    node 153: <variable-non-null-undef>['searchValue'] (HOST(string-replace-model.js):23:36)
    node 154: read-variable['string',v29,v2] (HOST(string-replace-model.js):23:53)
    ->[block 52] ~>[block 74]
  block 52:
    node 155: call[v28,'exec',v29,v26] (HOST(string-replace-model.js):23:36)
    ->[block 53] ~>[block 74]
  block 53:
    node 156: write-variable[v26,'matchThatIsFound']* (HOST(string-replace-model.js):23:17)
    node 157: read-variable['matchThatIsFound',v31,v2] (HOST(string-replace-model.js):24:21)
    node 158: constant[null,v32] (HOST(string-replace-model.js):24:42)
    node 159: !==[v31,v32,v30] (HOST(string-replace-model.js):24:21)
    node 160: if[v30](true-block:54,false-block:69)* (HOST(string-replace-model.js):24:17)
    ->[block 54,block 69] ~>[block 74]
  block 54:
    node 161: call[TAJS_newArray,v33] (HOST(string-replace-model.js):25:45)
    ->[block 55] ~>[block 74]
  block 55:
    node 162: write-variable[v33,'callbackArguments']* (HOST(string-replace-model.js):25:25)
    ->[block 56] ~>[block 74]
  block 56:
    node 163: constant[0.0,v36] (HOST(string-replace-model.js):26:34)
    node 164: write-variable[v36,'i']* (HOST(string-replace-model.js):26:30)
    ->[block 57] ~>[block 74]
  block 57:
    node 165: read-variable['i',v38,v2] (HOST(string-replace-model.js):26:37)
    node 166: read-variable['matchThatIsFound',v40,v2] (HOST(string-replace-model.js):26:41)
    node 167: read-property[v40,'length',v39] (HOST(string-replace-model.js):26:41)
    node 168: <variable-non-null-undef>['matchThatIsFound'] (HOST(string-replace-model.js):26:41)
    node 169: <[v38,v39,v37] (HOST(string-replace-model.js):26:37)
    node 170: begin-loop[v37] (HOST(string-replace-model.js):26:71)
    ->[block 58] ~>[block 61]
  block 58:
    node 171: if[v37](true-block:59,false-block:62)* (HOST(string-replace-model.js):26:37)
    ->[block 59,block 62] ~>[block 61]
  block 59:
    node 172: read-variable['callbackArguments',v42,v2] (HOST(string-replace-model.js):27:25)
    node 173: read-variable['i',v43,v2] (HOST(string-replace-model.js):27:43)
    node 174: read-variable['matchThatIsFound',v44,v2] (HOST(string-replace-model.js):27:48)
    node 175: read-variable['i',v45,v2] (HOST(string-replace-model.js):27:65)
    node 176: read-property[v44,v45,v41] (HOST(string-replace-model.js):27:48)
    node 177: <variable-non-null-undef>['matchThatIsFound'] (HOST(string-replace-model.js):27:48)
    node 178: write-property[v42,v43,v41] (HOST(string-replace-model.js):27:25)
    node 179: <variable-non-null-undef>['callbackArguments']* (HOST(string-replace-model.js):27:25)
    ->[block 60] ~>[block 61]
  block 60:
    node 180: read-variable['i',v46,v2] (HOST(string-replace-model.js):26:66)
    node 181: +[v46,v47] (HOST(string-replace-model.js):26:66)
    node 182: constant[1.0,v48] (HOST(string-replace-model.js):26:66)
    node 183: +[v47,v48,v49] (HOST(string-replace-model.js):26:66)
    node 184: write-variable[v49,'i']* (HOST(string-replace-model.js):26:66)
    ->[block 57] ~>[block 61]
  block 61:
    node 185: end-loop[v37]* (HOST(string-replace-model.js):26:37)
    ->[block 74]
  block 62:
    node 186: end-loop[v37]* (HOST(string-replace-model.js):26:37)
    ->[block 63] ~>[block 74]
  block 63:
    node 187: read-variable['callbackArguments',v51,-] (HOST(string-replace-model.js):29:21)
    node 188: read-property[v51,'push',-] (HOST(string-replace-model.js):29:21)
    node 189: <variable-non-null-undef>['callbackArguments'] (HOST(string-replace-model.js):29:21)
    node 190: read-variable['matchThatIsFound',v53,v2] (HOST(string-replace-model.js):29:44)
    node 191: read-property[v53,'index',v52] (HOST(string-replace-model.js):29:44)
    node 192: <variable-non-null-undef>['matchThatIsFound'] (HOST(string-replace-model.js):29:44)
    ->[block 64] ~>[block 74]
  block 64:
    node 193: call[v51,'push',v52,-]* (HOST(string-replace-model.js):29:21)
    ->[block 65] ~>[block 74]
  block 65:
    node 194: read-variable['callbackArguments',v55,-] (HOST(string-replace-model.js):30:21)
    node 195: read-property[v55,'push',-] (HOST(string-replace-model.js):30:21)
    node 196: <variable-non-null-undef>['callbackArguments'] (HOST(string-replace-model.js):30:21)
    node 197: read-variable['matchThatIsFound',v57,v2] (HOST(string-replace-model.js):30:44)
    node 198: read-property[v57,'input',v56] (HOST(string-replace-model.js):30:44)
    node 199: <variable-non-null-undef>['matchThatIsFound'] (HOST(string-replace-model.js):30:44)
    ->[block 66] ~>[block 74]
  block 66:
    node 200: call[v55,'push',v56,-]* (HOST(string-replace-model.js):30:21)
    ->[block 67] ~>[block 74]
  block 67:
    node 201: read-variable['matches',v59,-] (HOST(string-replace-model.js):31:21)
    node 202: read-property[v59,'push',-] (HOST(string-replace-model.js):31:21)
    node 203: <variable-non-null-undef>['matches'] (HOST(string-replace-model.js):31:21)
    node 204: read-variable['callbackArguments',v60,v2] (HOST(string-replace-model.js):31:34)
    ->[block 68] ~>[block 74]
  block 68:
    node 205: call[v59,'push',v60,-]* (HOST(string-replace-model.js):31:21)
    ->[block 69] ~>[block 74]
  block 69:
    node 206: read-variable['matchThatIsFound',v23,v2] (HOST(string-replace-model.js):33:22)
    node 207: constant[null,v24] (HOST(string-replace-model.js):33:43)
    node 208: !==[v23,v24,v22] (HOST(string-replace-model.js):33:22)
    ->[block 70] ~>[block 74]
  block 70:
    node 209: if[v22](true-block:71,false-block:72) (HOST(string-replace-model.js):33:22)
    ->[block 71,block 72] ~>[block 74]
  block 71:
    node 210: read-variable['searchValue',v25,v2] (HOST(string-replace-model.js):33:51)
    node 211: read-property[v25,'global',v22] (HOST(string-replace-model.js):33:51)
    node 212: <variable-non-null-undef>['searchValue'] (HOST(string-replace-model.js):33:51)
    ->[block 72] ~>[block 74]
  block 72:
    node 213: begin-loop[v22] (HOST(string-replace-model.js):22:16)
    ->[block 73] ~>[block 74]
  block 73:
    node 214: if[v22](true-block:51,false-block:75)* (HOST(string-replace-model.js):33:22)
    ->[block 51,block 75] ~>[block 74]
  block 74:
    node 215: end-loop[v22]* (HOST(string-replace-model.js):33:22)
    ->[block 103]
  block 75:
    node 216: end-loop[v22]* (HOST(string-replace-model.js):33:22)
    ->[block 76]
  block 76:
    node 217: call[TAJS_newArray,v22] (HOST(string-replace-model.js):45:37)
    ->[block 77]
  block 77:
    node 218: write-variable[v22,'replacementSubstrings']* (HOST(string-replace-model.js):45:13)
    ->[block 78]
  block 78:
    node 219: constant[0.0,v25] (HOST(string-replace-model.js):47:22)
    node 220: write-variable[v25,'j']* (HOST(string-replace-model.js):47:18)
    ->[block 79]
  block 79:
    node 221: read-variable['j',v27,v2] (HOST(string-replace-model.js):47:25)
    node 222: read-variable['matches',v29,v2] (HOST(string-replace-model.js):47:29)
    node 223: read-property[v29,'length',v28] (HOST(string-replace-model.js):47:29)
    node 224: <variable-non-null-undef>['matches'] (HOST(string-replace-model.js):47:29)
    node 225: <[v27,v28,v26] (HOST(string-replace-model.js):47:25)
    node 226: begin-loop[v26] (HOST(string-replace-model.js):47:50)
    ->[block 80] ~>[block 88]
  block 80:
    node 227: if[v26](true-block:81,false-block:89)* (HOST(string-replace-model.js):47:25)
    ->[block 81,block 89] ~>[block 88]
  block 81:
    node 228: read-variable['matches',v31,v2] (HOST(string-replace-model.js):48:30)
    node 229: read-variable['j',v32,v2] (HOST(string-replace-model.js):48:38)
    node 230: read-property[v31,v32,v30] (HOST(string-replace-model.js):48:30)
    node 231: <variable-non-null-undef>['matches'] (HOST(string-replace-model.js):48:30)
    node 232: write-variable[v30,'matchToUse']* (HOST(string-replace-model.js):48:17)
    node 233: read-variable['matchToUse',v34,v2] (HOST(string-replace-model.js):49:30)
    node 234: read-variable['matchToUse',v38,v2] (HOST(string-replace-model.js):49:41)
    node 235: read-property[v38,'length',v36] (HOST(string-replace-model.js):49:41)
    node 236: <variable-non-null-undef>['matchToUse'] (HOST(string-replace-model.js):49:41)
    node 237: constant[2.0,v37] (HOST(string-replace-model.js):49:61)
    node 238: -[v36,v37,v35] (HOST(string-replace-model.js):49:41)
    node 239: read-property[v34,v35,v33] (HOST(string-replace-model.js):49:30)
    node 240: <variable-non-null-undef>['matchToUse'] (HOST(string-replace-model.js):49:30)
    node 241: write-variable[v33,'startIndex']* (HOST(string-replace-model.js):49:17)
    node 242: read-variable['startIndex',v40,v2] (HOST(string-replace-model.js):50:28)
    node 243: read-variable['matchToUse',v43,v2] (HOST(string-replace-model.js):50:41)
    node 244: constant[0.0,v44] (HOST(string-replace-model.js):50:52)
    node 245: read-property[v43,v44,v42] (HOST(string-replace-model.js):50:41)
    node 246: <variable-non-null-undef>['matchToUse'] (HOST(string-replace-model.js):50:41)
    node 247: read-property[v42,'length',v41] (HOST(string-replace-model.js):50:41)
    node 248: <property-non-null-undef>[v43,v44] (HOST(string-replace-model.js):50:41)
    node 249: +[v40,v41,v39] (HOST(string-replace-model.js):50:28)
    node 250: write-variable[v39,'endIndex']* (HOST(string-replace-model.js):50:17)
    node 251: read-variable['replaceValue',v49,-] (HOST(string-replace-model.js):51:40)
    node 252: read-property[v49,'apply',-] (HOST(string-replace-model.js):51:40)
    node 253: <variable-non-null-undef>['replaceValue'] (HOST(string-replace-model.js):51:40)
    node 254: read-variable['undefined',v50,v2] (HOST(string-replace-model.js):51:59)
    node 255: read-variable['matchToUse',v51,v2] (HOST(string-replace-model.js):51:70)
    ->[block 82] ~>[block 88]
  block 82:
    node 256: call[v49,'apply',v50,v51,v46] (HOST(string-replace-model.js):51:40)
    ->[block 83] ~>[block 88]
  block 83:
    node 257: constant["",v47] (HOST(string-replace-model.js):51:84)
    node 258: +[v46,v47,v45] (HOST(string-replace-model.js):51:40)
    node 259: write-variable[v45,'replacementSubstring']* (HOST(string-replace-model.js):51:17)
    ->[block 84] ~>[block 88]
  block 84:
    node 260: call[TAJS_newObject,v52] (HOST(string-replace-model.js):52:31)
    ->[block 85] ~>[block 88]
  block 85:
    node 261: write-variable[v52,'replacement']* (HOST(string-replace-model.js):52:17)
    node 262: read-variable['replacement',v56,v2] (HOST(string-replace-model.js):53:13)
    node 263: read-variable['startIndex',v55,v2] (HOST(string-replace-model.js):53:38)
    node 264: write-property[v56,'startIndex',v55] (HOST(string-replace-model.js):53:13)
    node 265: <variable-non-null-undef>['replacement']* (HOST(string-replace-model.js):53:13)
    node 266: read-variable['replacement',v58,v2] (HOST(string-replace-model.js):54:13)
    node 267: read-variable['replacementSubstring',v57,v2] (HOST(string-replace-model.js):54:37)
    node 268: write-property[v58,'substring',v57] (HOST(string-replace-model.js):54:13)
    node 269: <variable-non-null-undef>['replacement']* (HOST(string-replace-model.js):54:13)
    node 270: read-variable['replacement',v60,v2] (HOST(string-replace-model.js):55:13)
    node 271: read-variable['endIndex',v59,v2] (HOST(string-replace-model.js):55:36)
    node 272: write-property[v60,'endIndex',v59] (HOST(string-replace-model.js):55:13)
    node 273: <variable-non-null-undef>['replacement']* (HOST(string-replace-model.js):55:13)
    node 274: read-variable['replacementSubstrings',v62,-] (HOST(string-replace-model.js):56:13)
    node 275: read-property[v62,'unshift',-] (HOST(string-replace-model.js):56:13)
    node 276: <variable-non-null-undef>['replacementSubstrings'] (HOST(string-replace-model.js):56:13)
    node 277: read-variable['replacement',v63,v2] (HOST(string-replace-model.js):56:43)
    ->[block 86] ~>[block 88]
  block 86:
    node 278: call[v62,'unshift',v63,-]* (HOST(string-replace-model.js):56:13)
    ->[block 87] ~>[block 88]
  block 87:
    node 279: read-variable['j',v64,v2] (HOST(string-replace-model.js):47:45)
    node 280: +[v64,v65] (HOST(string-replace-model.js):47:45)
    node 281: constant[1.0,v66] (HOST(string-replace-model.js):47:45)
    node 282: +[v65,v66,v67] (HOST(string-replace-model.js):47:45)
    node 283: write-variable[v67,'j']* (HOST(string-replace-model.js):47:45)
    ->[block 79] ~>[block 88]
  block 88:
    node 284: end-loop[v26]* (HOST(string-replace-model.js):47:25)
    ->[block 103]
  block 89:
    node 285: end-loop[v26]* (HOST(string-replace-model.js):47:25)
    ->[block 90]
  block 90:
    node 286: constant[0.0,v68] (HOST(string-replace-model.js):59:22)
    node 287: write-variable[v68,'k']* (HOST(string-replace-model.js):59:18)
    ->[block 91]
  block 91:
    node 288: read-variable['k',v70,v2] (HOST(string-replace-model.js):59:25)
    node 289: read-variable['replacementSubstrings',v72,v2] (HOST(string-replace-model.js):59:29)
    node 290: read-property[v72,'length',v71] (HOST(string-replace-model.js):59:29)
    node 291: <variable-non-null-undef>['replacementSubstrings'] (HOST(string-replace-model.js):59:29)
    node 292: <[v70,v71,v69] (HOST(string-replace-model.js):59:25)
    node 293: begin-loop[v69] (HOST(string-replace-model.js):59:64)
    ->[block 92] ~>[block 99]
  block 92:
    node 294: if[v69](true-block:93,false-block:100)* (HOST(string-replace-model.js):59:25)
    ->[block 93,block 100] ~>[block 99]
  block 93:
    node 295: read-variable['replacementSubstrings',v74,v2] (HOST(string-replace-model.js):60:31)
    node 296: read-variable['k',v75,v2] (HOST(string-replace-model.js):60:53)
    node 297: read-property[v74,v75,v73] (HOST(string-replace-model.js):60:31)
    node 298: <variable-non-null-undef>['replacementSubstrings'] (HOST(string-replace-model.js):60:31)
    node 299: write-variable[v73,'replacement']* (HOST(string-replace-model.js):60:17)
    node 300: read-variable['string',v78,-] (HOST(string-replace-model.js):61:26)
    node 301: read-property[v78,'substring',-] (HOST(string-replace-model.js):61:26)
    node 302: <variable-non-null-undef>['string'] (HOST(string-replace-model.js):61:26)
    node 303: constant[0.0,v79] (HOST(string-replace-model.js):61:43)
    node 304: read-variable['replacement',v81,v2] (HOST(string-replace-model.js):61:46)
    node 305: read-property[v81,'startIndex',v80] (HOST(string-replace-model.js):61:46)
    node 306: <variable-non-null-undef>['replacement'] (HOST(string-replace-model.js):61:46)
    ->[block 94] ~>[block 99]
  block 94:
    node 307: call[v78,'substring',v79,v80,v76] (HOST(string-replace-model.js):61:26)
    ->[block 95] ~>[block 99]
  block 95:
    node 308: write-variable[v76,'prefix']* (HOST(string-replace-model.js):61:17)
    node 309: read-variable['string',v84,-] (HOST(string-replace-model.js):62:26)
    node 310: read-property[v84,'substring',-] (HOST(string-replace-model.js):62:26)
    node 311: <variable-non-null-undef>['string'] (HOST(string-replace-model.js):62:26)
    node 312: read-variable['replacement',v86,v2] (HOST(string-replace-model.js):62:43)
    node 313: read-property[v86,'endIndex',v85] (HOST(string-replace-model.js):62:43)
    node 314: <variable-non-null-undef>['replacement'] (HOST(string-replace-model.js):62:43)
    ->[block 96] ~>[block 99]
  block 96:
    node 315: call[v84,'substring',v85,v82] (HOST(string-replace-model.js):62:26)
    ->[block 97] ~>[block 99]
  block 97:
    node 316: write-variable[v82,'suffix']* (HOST(string-replace-model.js):62:17)
    node 317: read-variable['prefix',v90,v2] (HOST(string-replace-model.js):63:26)
    node 318: read-variable['replacement',v92,v2] (HOST(string-replace-model.js):63:35)
    node 319: read-property[v92,'substring',v91] (HOST(string-replace-model.js):63:35)
    node 320: <variable-non-null-undef>['replacement'] (HOST(string-replace-model.js):63:35)
    node 321: +[v90,v91,v88] (HOST(string-replace-model.js):63:26)
    node 322: read-variable['suffix',v89,v2] (HOST(string-replace-model.js):63:59)
    node 323: +[v88,v89,v87] (HOST(string-replace-model.js):63:26)
    node 324: write-variable[v87,'result']* (HOST(string-replace-model.js):63:17)
    node 325: read-variable['result',v93,v2] (HOST(string-replace-model.js):64:22)
    node 326: write-variable[v93,'string']* (HOST(string-replace-model.js):64:13)
    ->[block 98] ~>[block 99]
  block 98:
    node 327: read-variable['k',v94,v2] (HOST(string-replace-model.js):59:59)
    node 328: +[v94,v95] (HOST(string-replace-model.js):59:59)
    node 329: constant[1.0,v96] (HOST(string-replace-model.js):59:59)
    node 330: +[v95,v96,v97] (HOST(string-replace-model.js):59:59)
    node 331: write-variable[v97,'k']* (HOST(string-replace-model.js):59:59)
    ->[block 91] ~>[block 99]
  block 99:
    node 332: end-loop[v69]* (HOST(string-replace-model.js):59:25)
    ->[block 103]
  block 100:
    node 333: end-loop[v69]* (HOST(string-replace-model.js):59:25)
    ->[block 101]
  block 101:
    node 334: read-variable['string',v1,v2]* (HOST(string-replace-model.js):66:16)
    ->[block 102]
  block 102: [exit-ordinary]
    node 335: return[v1] (HOST(string-replace-model.js):3:12)
    ->[]
  block 103: [exit-exceptional]
    node 336: exceptional-return (HOST(string-replace-model.js):3:12)
    ->[]

test/flowgraphbuilder/flowgraph_builder0201b.js: [definite] Ordinary program exit is unreachable
test/flowgraphbuilder/flowgraph_builder0201b.js:1:11: [definite] ReferenceError, reading absent variable o
test/flowgraphbuilder/flowgraph_builder0201b.js:1:1: [definite] Unreachable code
test/flowgraphbuilder/flowgraph_builder0201b.js: [maybe] Uncaught exception, constructed at [test/flowgraphbuilder/flowgraph_builder0201b.js:1:11]
