test/micro/test153.js: [definite] Exceptional program exit is unreachable
test/micro/test153.js:7:2: [info] Abstract value: 42.0
