test/resig/ejohn53.js:10:1: [maybe] TypeError, accessing property of null/undefined
test/resig/ejohn53.js: [maybe] Uncaught exception, constructed at [test/resig/ejohn53.js:10:1]
test/resig/ejohn53.js:8:3: [info] Abstract value: UIntPos
test/resig/ejohn53.js:11:1: [info] Abstract value: Null|[@HTMLDocument instances[dom], *HTMLUnkownElement instances[dom], *HTMLUListElement instances[dom], *HTMLTitleElement instances[dom], *HTMLTextAreaElement instances[dom], *HTMLTableSectionElement instances[dom], *HTMLTableRowElement instances[dom], *HTMLTableElement instances[dom], *HTMLTableColElement instances[dom], *HTMLTableCellElement instances[dom], *HTMLTableCaptionElement instances[dom], *HTMLStyleElement instances[dom], *HTMLSelectElement instances[dom], *HTMLScriptElement instances[dom], *HTMLQuoteElement instances[dom], *HTMLPreElement instances[dom], *HTMLParamElement instances[dom], *HTMLParagraphElement instances[dom], *HTMLOptionElement instances[dom], *HTMLOptGroupElement instances[dom], *HTMLObjectElement instances[dom], *HTMLOListElement instances[dom], *HTMLModeElement instances[dom], *HTMLMetaElement instances[dom], *HTMLMenuElement instances[dom], *HTMLMapElement instances[dom], *HTMLListIndexElement instances[dom], *HTMLLinkElement instances[dom], *HTMLLegendElement instances[dom], *HTMLLabelElement instances[dom], *HTMLLIElement instances[dom], *HTMLInputElement instances[dom], *HTMLImageElement[dom], *HTMLIFrameElement instances[dom], *HTMLHtmlElement instances[dom], *HTMLHeadingElement instances[dom], *HTMLHeadElement instances[dom], *HTMLHRElement instances[dom], *HTMLFramesetElement instances[dom], *HTMLFrameElement instances[dom], *HTMLFormElement instances[dom], *HTMLFontElement instances[dom], *HTMLFieldsetElement instances[dom], *HTMLElement[dom], *HTMLDivElement instances[dom], *HTMLDirectoryElement instances[dom], *HTMLDListElement instances[dom], *HTMLCanvasElement instances[dom], *HTMLButtonElement instances[dom], *HTMLBodyElement instances[dom], *HTMLBaseFontElement instances[dom], *HTMLBaseElement instances[dom], *HTMLBRElement instances[dom], *HTMLAudioElement instances[dom], *HTMLAreaElement instances[dom], *HTMLAppletElement instances[dom], *HTMLAnchorElement instances[dom]]
