test/resig/ejohn18.js: [definite] Exceptional program exit is unreachable
test/resig/ejohn18.js:2:10: [definite] Unreachable function
