test/sunspider/3d-raytrace.js:34:1: [definite] Unreachable function sqrLengthVector
test/sunspider/3d-raytrace.js:113:15: [definite] Reading absent property (computed name)
test/sunspider/3d-raytrace.js:114:15: [definite] Reading absent property (computed name)
test/sunspider/3d-raytrace.js:115:15: [definite] Reading absent property (computed name)
test/sunspider/3d-raytrace.js:191:5: [definite] The variable zero is never used
test/sunspider/3d-raytrace.js:250:9: [definite] The variable closest is never used
test/sunspider/3d-raytrace.js:311:9: [definite] The variable row is never used
test/sunspider/3d-raytrace.js:319:9: [definite] The variable startDate is never used
test/sunspider/3d-raytrace.js:320:9: [definite] The variable numTriangles is never used
test/sunspider/3d-raytrace.js:361:23: [definite] The variable tri is never used
test/sunspider/3d-raytrace.js:361:23: [definite] The variable view is never used
test/sunspider/3d-raytrace.js:57:5: [maybe] TypeError, accessing property of null/undefined
test/sunspider/3d-raytrace.js:76:22: [maybe] TypeError, accessing property of null/undefined
test/sunspider/3d-raytrace.js:88:13: [maybe] TypeError, accessing property of null/undefined
test/sunspider/3d-raytrace.js:197:17: [maybe] TypeError, accessing property of null/undefined
test/sunspider/3d-raytrace.js:207:18: [maybe] TypeError, accessing property of null/undefined
test/sunspider/3d-raytrace.js:214:18: [maybe] TypeError, call to non-function
test/sunspider/3d-raytrace.js:239:32: [maybe] TypeError, accessing property of null/undefined
test/sunspider/3d-raytrace.js:253:17: [maybe] TypeError, accessing property of null/undefined
test/sunspider/3d-raytrace.js:304:13: [maybe] TypeError, accessing property of null/undefined
test/sunspider/3d-raytrace.js:399:13: [maybe] TypeError, accessing property of null/undefined
test/sunspider/3d-raytrace.js:416:24: [maybe] TypeError, accessing property of null/undefined
test/sunspider/3d-raytrace.js:213:9: [maybe] Reading absent property shader
test/sunspider/3d-raytrace.js:214:18: [maybe] Reading absent property shader
test/sunspider/3d-raytrace.js:221:9: [maybe] Reading absent property reflection
test/sunspider/3d-raytrace.js:224:13: [maybe] Reading absent property reflection
test/sunspider/3d-raytrace.js:239:32: [maybe] Reading absent property colour
test/sunspider/3d-raytrace.js:243:42: [maybe] Reading absent property reflection
test/sunspider/3d-raytrace.js:243:85: [maybe] Reading absent property reflection
test/sunspider/3d-raytrace.js: [maybe] Uncaught exception, constructed at [test/sunspider/3d-raytrace.js:57:5, test/sunspider/3d-raytrace.js:76:22, test/sunspider/3d-raytrace.js:88:13, test/sunspider/3d-raytrace.js:118:13, test/sunspider/3d-raytrace.js:197:17, test/sunspider/3d-raytrace.js:207:18, test/sunspider/3d-raytrace.js:214:18, test/sunspider/3d-raytrace.js:239:32, test/sunspider/3d-raytrace.js:253:17, test/sunspider/3d-raytrace.js:304:13, test/sunspider/3d-raytrace.js:399:13, test/sunspider/3d-raytrace.js:416:24]
test/sunspider/3d-raytrace.js:57:5: [maybe] Conversion to number yields NaN
test/sunspider/3d-raytrace.js:58:5: [maybe] Conversion to number yields NaN
test/sunspider/3d-raytrace.js:59:5: [maybe] Conversion to number yields NaN
test/sunspider/3d-raytrace.js:88:13: [maybe] Conversion to number yields NaN
test/sunspider/3d-raytrace.js:88:20: [maybe] The variable scale has values with different types
test/sunspider/3d-raytrace.js:88:27: [maybe] Conversion to number yields NaN
test/sunspider/3d-raytrace.js:88:34: [maybe] The variable scale has values with different types
test/sunspider/3d-raytrace.js:88:41: [maybe] Conversion to number yields NaN
test/sunspider/3d-raytrace.js:88:48: [maybe] The variable scale has values with different types
test/sunspider/3d-raytrace.js:105:14: [maybe] Conversion to number yields NaN
test/sunspider/3d-raytrace.js:105:31: [maybe] Conversion to number yields NaN
test/sunspider/3d-raytrace.js:105:48: [maybe] Conversion to number yields NaN
test/sunspider/3d-raytrace.js:106:14: [maybe] Conversion to number yields NaN
test/sunspider/3d-raytrace.js:106:31: [maybe] Conversion to number yields NaN
test/sunspider/3d-raytrace.js:106:48: [maybe] Conversion to number yields NaN
test/sunspider/3d-raytrace.js:107:14: [maybe] Conversion to number yields NaN
test/sunspider/3d-raytrace.js:107:31: [maybe] Conversion to number yields NaN
test/sunspider/3d-raytrace.js:107:48: [maybe] Conversion to number yields NaN
test/sunspider/3d-raytrace.js:113:14: [maybe] Conversion to number yields NaN
test/sunspider/3d-raytrace.js:114:14: [maybe] Conversion to number yields NaN
test/sunspider/3d-raytrace.js:115:14: [maybe] Conversion to number yields NaN
test/sunspider/3d-raytrace.js:118:31: [maybe] Reading absent property (computed name)
test/sunspider/3d-raytrace.js:120:19: [maybe] Reading absent property (computed name)
test/sunspider/3d-raytrace.js:121:15: [maybe] Conversion to number yields NaN
test/sunspider/3d-raytrace.js:121:30: [maybe] Conversion to number yields NaN
test/sunspider/3d-raytrace.js:121:45: [maybe] Conversion to number yields NaN
test/sunspider/3d-raytrace.js:122:15: [maybe] Conversion to number yields NaN
test/sunspider/3d-raytrace.js:122:30: [maybe] Conversion to number yields NaN
test/sunspider/3d-raytrace.js:122:45: [maybe] Conversion to number yields NaN
test/sunspider/3d-raytrace.js:123:16: [maybe] Conversion to number yields NaN
test/sunspider/3d-raytrace.js:123:31: [maybe] Conversion to number yields NaN
test/sunspider/3d-raytrace.js:123:46: [maybe] Conversion to number yields NaN
test/sunspider/3d-raytrace.js:145:14: [maybe] Reading absent property (computed name)
test/sunspider/3d-raytrace.js:146:14: [maybe] Reading absent property (computed name)
test/sunspider/3d-raytrace.js:148:14: [maybe] Reading absent property (computed name)
test/sunspider/3d-raytrace.js:149:14: [maybe] Reading absent property (computed name)
test/sunspider/3d-raytrace.js:151:15: [maybe] Conversion to number yields NaN
test/sunspider/3d-raytrace.js:151:15: [maybe] Reading absent property (computed name)
test/sunspider/3d-raytrace.js:151:27: [maybe] Reading absent property (computed name)
test/sunspider/3d-raytrace.js:152:15: [maybe] Conversion to number yields NaN
test/sunspider/3d-raytrace.js:152:15: [maybe] Reading absent property (computed name)
test/sunspider/3d-raytrace.js:152:27: [maybe] Reading absent property (computed name)
test/sunspider/3d-raytrace.js:153:15: [maybe] Conversion to number yields NaN
test/sunspider/3d-raytrace.js:153:33: [maybe] Reading absent property (computed name)
test/sunspider/3d-raytrace.js:154:15: [maybe] Conversion to number yields NaN
test/sunspider/3d-raytrace.js:154:25: [maybe] Conversion to number yields NaN
test/sunspider/3d-raytrace.js:155:15: [maybe] Reading absent property (computed name)
test/sunspider/3d-raytrace.js:156:15: [maybe] Reading absent property (computed name)
test/sunspider/3d-raytrace.js:157:16: [maybe] Conversion to number yields NaN
test/sunspider/3d-raytrace.js:158:16: [maybe] Conversion to number yields NaN
test/sunspider/3d-raytrace.js:159:16: [maybe] Conversion to number yields NaN
test/sunspider/3d-raytrace.js:160:16: [maybe] Conversion to number yields NaN
test/sunspider/3d-raytrace.js:167:13: [maybe] Conversion to number yields NaN
test/sunspider/3d-raytrace.js:167:13: [maybe] Reading absent property (computed name)
test/sunspider/3d-raytrace.js:167:30: [maybe] Conversion to number yields NaN
test/sunspider/3d-raytrace.js:167:40: [maybe] Reading absent property (computed name)
test/sunspider/3d-raytrace.js:167:49: [maybe] Conversion to number yields NaN
test/sunspider/3d-raytrace.js:167:59: [maybe] Reading absent property (computed name)
test/sunspider/3d-raytrace.js:168:14: [maybe] Conversion to number yields NaN
test/sunspider/3d-raytrace.js:168:24: [maybe] Reading absent property (computed name)
test/sunspider/3d-raytrace.js:168:42: [maybe] Conversion to number yields NaN
test/sunspider/3d-raytrace.js:168:52: [maybe] Reading absent property (computed name)
test/sunspider/3d-raytrace.js:168:62: [maybe] Conversion to number yields NaN
test/sunspider/3d-raytrace.js:168:72: [maybe] Reading absent property (computed name)
test/sunspider/3d-raytrace.js:169:25: [maybe] The variable far has values with different types
test/sunspider/3d-raytrace.js:171:14: [maybe] Conversion to number yields NaN
test/sunspider/3d-raytrace.js:171:14: [maybe] Reading absent property (computed name)
test/sunspider/3d-raytrace.js:171:24: [maybe] Conversion to number yields NaN
test/sunspider/3d-raytrace.js:171:28: [maybe] Reading absent property (computed name)
test/sunspider/3d-raytrace.js:172:14: [maybe] Conversion to number yields NaN
test/sunspider/3d-raytrace.js:172:14: [maybe] Reading absent property (computed name)
test/sunspider/3d-raytrace.js:172:24: [maybe] Conversion to number yields NaN
test/sunspider/3d-raytrace.js:172:28: [maybe] Reading absent property (computed name)
test/sunspider/3d-raytrace.js:196:24: [maybe] Reading absent property (computed name)
test/sunspider/3d-raytrace.js:197:55: [maybe] The variable far has values with different types
test/sunspider/3d-raytrace.js:198:13: [maybe] The variable d has values with different types
test/sunspider/3d-raytrace.js:198:26: [maybe] The variable d has values with different types
test/sunspider/3d-raytrace.js:198:30: [maybe] The variable far has values with different types
test/sunspider/3d-raytrace.js:198:37: [maybe] The variable d has values with different types
test/sunspider/3d-raytrace.js:200:15: [maybe] The variable d has values with different types
test/sunspider/3d-raytrace.js:208:38: [maybe] The variable far has values with different types
test/sunspider/3d-raytrace.js:221:9: [maybe] Conversion to number yields NaN
test/sunspider/3d-raytrace.js:224:13: [maybe] Conversion to number yields NaN
test/sunspider/3d-raytrace.js:230:21: [maybe] Reading absent property (computed name)
test/sunspider/3d-raytrace.js:243:38: [maybe] Conversion to number yields NaN
test/sunspider/3d-raytrace.js:252:24: [maybe] Reading absent property (computed name)
test/sunspider/3d-raytrace.js:254:13: [maybe] The variable d has values with different types
test/sunspider/3d-raytrace.js:254:26: [maybe] The variable d has values with different types
test/sunspider/3d-raytrace.js:254:37: [maybe] The variable d has values with different types
test/sunspider/3d-raytrace.js:304:13: [maybe] Reading absent property (computed name)
test/sunspider/3d-raytrace.js:399:13: [maybe] Reading absent property (computed name)
test/sunspider/3d-raytrace.js:416:18: [maybe] Converting undefined to string
test/sunspider/3d-raytrace.js:416:24: [maybe] Reading absent property (computed name)
test/sunspider/3d-raytrace.js:448:26: [maybe] Converting object to number
test/sunspider/3d-raytrace.js:450:1: [info] Abstract value: UInt|NotUInt
test/sunspider/3d-raytrace.js:165:14: [info] 'this' refers to multiple abstract objects, which may cause loss of precision
test/sunspider/3d-raytrace.js:166:14: [info] 'this' refers to multiple abstract objects, which may cause loss of precision
test/sunspider/3d-raytrace.js:167:17: [info] 'this' refers to multiple abstract objects, which may cause loss of precision
test/sunspider/3d-raytrace.js:167:30: [info] 'this' refers to multiple abstract objects, which may cause loss of precision
test/sunspider/3d-raytrace.js:167:49: [info] 'this' refers to multiple abstract objects, which may cause loss of precision
test/sunspider/3d-raytrace.js:168:14: [info] 'this' refers to multiple abstract objects, which may cause loss of precision
test/sunspider/3d-raytrace.js:168:29: [info] 'this' refers to multiple abstract objects, which may cause loss of precision
test/sunspider/3d-raytrace.js:168:42: [info] 'this' refers to multiple abstract objects, which may cause loss of precision
test/sunspider/3d-raytrace.js:168:62: [info] 'this' refers to multiple abstract objects, which may cause loss of precision
test/sunspider/3d-raytrace.js:171:37: [info] 'this' refers to multiple abstract objects, which may cause loss of precision
test/sunspider/3d-raytrace.js:172:37: [info] 'this' refers to multiple abstract objects, which may cause loss of precision
test/sunspider/3d-raytrace.js:173:19: [info] 'this' refers to multiple abstract objects, which may cause loss of precision
test/sunspider/3d-raytrace.js:173:35: [info] 'this' refers to multiple abstract objects, which may cause loss of precision
test/sunspider/3d-raytrace.js:176:19: [info] 'this' refers to multiple abstract objects, which may cause loss of precision
test/sunspider/3d-raytrace.js:176:35: [info] 'this' refers to multiple abstract objects, which may cause loss of precision
