test/1k2013spring/1450.js:167:2: [definite] ReferenceError, reading absent variable debug
test/1k2013spring/1450.js:19:7: [definite] The variable w is never used
test/1k2013spring/1450.js:63:33: [definite] The variable pitch is never used
test/1k2013spring/1450.js:164:6: [definite] The variable vx is never used
test/1k2013spring/1450.js:164:31: [definite] The variable vy is never used
test/1k2013spring/1450.js:166:6: [definite] The variable frameRate is never used
test/1k2013spring/1450.js:167:18: [definite] Unreachable code
test/1k2013spring/1450.js:34:41: [maybe] TypeError, accessing property of null/undefined
test/1k2013spring/1450.js:95:12: [maybe] ReferenceError, reading absent variable a
test/1k2013spring/1450.js:153:20: [maybe] TypeError, accessing property of null/undefined
test/1k2013spring/1450.js:165:2: [maybe] ReferenceError, reading absent variable frame
test/1k2013spring/1450.js:166:44: [maybe] ReferenceError, reading absent variable t0
test/1k2013spring/1450.js:171:83: [maybe] RangeError, assigning invalid value to array 'length' property
test/1k2013spring/1450.js:171:83: [maybe] TypeError, accessing property of null/undefined
test/1k2013spring/1450.js:172:26: [maybe] RangeError, assigning invalid value to array 'length' property
test/1k2013spring/1450.js:172:26: [maybe] TypeError, accessing property of null/undefined
test/1k2013spring/shim.js:9:5: [maybe] TypeError, accessing property of null/undefined
test/1k2013spring/1450.js: [maybe] Uncaught exception, constructed at [test/1k2013spring/1450.js:13:3, test/1k2013spring/1450.js:34:41, test/1k2013spring/1450.js:95:12, test/1k2013spring/1450.js:153:20, test/1k2013spring/1450.js:165:2, test/1k2013spring/1450.js:166:44, test/1k2013spring/1450.js:167:2, test/1k2013spring/1450.js:171:83, test/1k2013spring/1450.js:172:26, test/1k2013spring/shim.js:9:5]
test/1k2013spring/1450.js:17:3: [maybe] Conversion to number yields NaN
test/1k2013spring/1450.js:17:6: [maybe] Reading absent property (computed name)
test/1k2013spring/1450.js:18:3: [maybe] Conversion to number yields NaN
test/1k2013spring/1450.js:18:6: [maybe] Reading absent property (computed name)
test/1k2013spring/1450.js:21:4: [maybe] Conversion to number yields NaN
test/1k2013spring/1450.js:21:4: [maybe] Reading absent property (computed name)
test/1k2013spring/1450.js:34:30: [maybe] Conversion to number yields NaN
test/1k2013spring/1450.js:34:41: [maybe] Reading absent property (computed name)
test/1k2013spring/1450.js:34:46: [maybe] Conversion to number yields NaN
test/1k2013spring/1450.js:34:59: [maybe] Conversion to number yields NaN
test/1k2013spring/1450.js:34:76: [maybe] Conversion to number yields NaN
test/1k2013spring/1450.js:153:8: [maybe] Conversion to number yields NaN
test/1k2013spring/1450.js:153:18: [maybe] Conversion to number yields NaN
test/1k2013spring/1450.js:153:20: [maybe] Reading absent property (computed name)
test/1k2013spring/1450.js:153:34: [maybe] Conversion to number yields NaN
test/1k2013spring/1450.js:153:36: [maybe] Reading absent property (computed name)
test/1k2013spring/1450.js:154:6: [maybe] Conversion to number yields NaN
test/1k2013spring/1450.js:154:17: [maybe] Conversion to number yields NaN
test/1k2013spring/1450.js:154:31: [maybe] Conversion to number yields NaN
test/1k2013spring/1450.js:155:7: [maybe] Conversion to number yields NaN
test/1k2013spring/1450.js:155:14: [maybe] Reading absent property (computed name)
test/1k2013spring/1450.js:155:28: [maybe] Reading absent property (computed name)
test/1k2013spring/1450.js:157:2: [maybe] Conversion to number yields NaN
test/1k2013spring/1450.js:158:2: [maybe] Conversion to number yields NaN
test/1k2013spring/1450.js:160:11: [maybe] Conversion to number yields NaN
test/1k2013spring/1450.js:161:2: [maybe] Conversion to number yields NaN
test/1k2013spring/1450.js:166:31: [maybe] Converting object to number
test/1k2013spring/1450.js:171:58: [maybe] Conversion to number yields NaN
