test/1k2013spring/1454.js:3:39: [maybe] ReferenceError, reading absent variable W
test/1k2013spring/1454.js:3:53: [maybe] ReferenceError, reading absent variable W
test/1k2013spring/1454.js:5:2: [maybe] ReferenceError, reading absent variable cx
test/1k2013spring/1454.js:5:15: [maybe] ReferenceError, reading absent variable ca
test/1k2013spring/1454.js:5:19: [maybe] ReferenceError, reading absent variable X
test/1k2013spring/1454.js:5:21: [maybe] ReferenceError, reading absent variable w
test/1k2013spring/1454.js:5:26: [maybe] ReferenceError, reading absent variable cy
test/1k2013spring/1454.js:5:43: [maybe] ReferenceError, reading absent variable h
test/1k2013spring/1454.js:5:49: [maybe] ReferenceError, reading absent variable h
test/1k2013spring/1454.js:5:56: [maybe] ReferenceError, reading absent variable cp
test/1k2013spring/1454.js:5:59: [maybe] ReferenceError, reading absent variable Y
test/1k2013spring/1454.js:5:61: [maybe] ReferenceError, reading absent variable w
test/1k2013spring/1454.js:6:5: [maybe] ReferenceError, reading absent variable hD
test/1k2013spring/1454.js:6:22: [maybe] ReferenceError, reading absent variable w
test/1k2013spring/1454.js:6:24: [maybe] ReferenceError, reading absent variable W
test/1k2013spring/1454.js:7:8: [maybe] ReferenceError, reading absent variable w
test/1k2013spring/1454.js:8:5: [maybe] ReferenceError, reading absent variable w
test/1k2013spring/1454.js:8:25: [maybe] ReferenceError, reading absent variable W
test/1k2013spring/1454.js:8:28: [maybe] ReferenceError, reading absent variable w
test/1k2013spring/1454.js:9:15: [maybe] ReferenceError, reading absent variable W
test/1k2013spring/1454.js:10:6: [maybe] ReferenceError, reading absent variable w
test/1k2013spring/1454.js:10:13: [maybe] ReferenceError, reading absent variable W
test/1k2013spring/1454.js:10:77: [maybe] ReferenceError, reading absent variable w
test/1k2013spring/1454.js:10:83: [maybe] ReferenceError, reading absent variable w
test/1k2013spring/1454.js:10:93: [maybe] ReferenceError, reading absent variable w
test/1k2013spring/1454.js:10:95: [maybe] ReferenceError, reading absent variable W
test/1k2013spring/1454.js:11:16: [maybe] ReferenceError, reading absent variable w
test/1k2013spring/1454.js:11:26: [maybe] ReferenceError, reading absent variable U
test/1k2013spring/1454.js:12:32: [maybe] ReferenceError, reading absent variable w
test/1k2013spring/1454.js:12:36: [maybe] ReferenceError, reading absent variable w
test/1k2013spring/1454.js:12:41: [maybe] ReferenceError, reading absent variable D
test/1k2013spring/1454.js:12:55: [maybe] ReferenceError, reading absent variable U
test/1k2013spring/1454.js:13:24: [maybe] ReferenceError, reading absent variable U
test/1k2013spring/1454.js:13:39: [maybe] ReferenceError, reading absent variable U
test/1k2013spring/1454.js:13:41: [maybe] ReferenceError, reading absent variable d
test/1k2013spring/1454.js:13:61: [maybe] ReferenceError, reading absent variable d
test/1k2013spring/1454.js:13:79: [maybe] ReferenceError, reading absent variable d
test/1k2013spring/1454.js:13:88: [maybe] ReferenceError, reading absent variable W
test/1k2013spring/1454.js:13:102: [maybe] ReferenceError, reading absent variable w
test/1k2013spring/1454.js:13:111: [maybe] ReferenceError, reading absent variable U
test/1k2013spring/1454.js:14:12: [maybe] ReferenceError, reading absent variable w
test/1k2013spring/1454.js:14:14: [maybe] ReferenceError, reading absent variable w
test/1k2013spring/1454.js:14:27: [maybe] ReferenceError, reading absent variable D
test/1k2013spring/1454.js:14:39: [maybe] ReferenceError, reading absent variable w
test/1k2013spring/1454.js:14:41: [maybe] ReferenceError, reading absent variable w
test/1k2013spring/1454.js:14:48: [maybe] ReferenceError, reading absent variable w
test/1k2013spring/1454.js:14:57: [maybe] ReferenceError, reading absent variable w
test/1k2013spring/1454.js:14:64: [maybe] ReferenceError, reading absent variable w
test/1k2013spring/1454.js:14:73: [maybe] ReferenceError, reading absent variable W
test/1k2013spring/1454.js:15:2: [maybe] ReferenceError, reading absent variable a
test/1k2013spring/1454.js:15:17: [maybe] ReferenceError, reading absent variable I
test/1k2013spring/1454.js:15:34: [maybe] ReferenceError, reading absent variable D
test/1k2013spring/1454.js:16:2: [maybe] ReferenceError, reading absent variable Z
test/1k2013spring/1454.js:16:9: [maybe] ReferenceError, reading absent variable w
test/1k2013spring/1454.js:16:29: [maybe] ReferenceError, reading absent variable U
test/1k2013spring/1454.js:16:35: [maybe] ReferenceError, reading absent variable w
test/1k2013spring/1454.js:16:42: [maybe] ReferenceError, reading absent variable w
test/1k2013spring/1454.js:16:59: [maybe] ReferenceError, reading absent variable w
test/1k2013spring/shim.js:9:5: [maybe] TypeError, accessing property of null/undefined
test/1k2013spring/1454.js: [maybe] Uncaught exception, constructed at [test/1k2013spring/1454.js:3:39, test/1k2013spring/1454.js:3:53, test/1k2013spring/1454.js:5:2, test/1k2013spring/1454.js:5:15, test/1k2013spring/1454.js:5:19, test/1k2013spring/1454.js:5:21, test/1k2013spring/1454.js:5:26, test/1k2013spring/1454.js:5:43, test/1k2013spring/1454.js:5:49, test/1k2013spring/1454.js:5:56, test/1k2013spring/1454.js:5:59, test/1k2013spring/1454.js:5:61, test/1k2013spring/1454.js:6:5, test/1k2013spring/1454.js:6:22, test/1k2013spring/1454.js:6:24, test/1k2013spring/1454.js:7:8, test/1k2013spring/1454.js:8:5, test/1k2013spring/1454.js:8:25, test/1k2013spring/1454.js:8:28, test/1k2013spring/1454.js:9:15, test/1k2013spring/1454.js:10:6, test/1k2013spring/1454.js:10:13, test/1k2013spring/1454.js:10:77, test/1k2013spring/1454.js:10:83, test/1k2013spring/1454.js:10:93, test/1k2013spring/1454.js:10:95, test/1k2013spring/1454.js:11:16, test/1k2013spring/1454.js:11:26, test/1k2013spring/1454.js:12:32, test/1k2013spring/1454.js:12:36, test/1k2013spring/1454.js:12:41, test/1k2013spring/1454.js:12:55, test/1k2013spring/1454.js:13:24, test/1k2013spring/1454.js:13:39, test/1k2013spring/1454.js:13:41, test/1k2013spring/1454.js:13:61, test/1k2013spring/1454.js:13:79, test/1k2013spring/1454.js:13:88, test/1k2013spring/1454.js:13:102, test/1k2013spring/1454.js:13:111, test/1k2013spring/1454.js:14:12, test/1k2013spring/1454.js:14:14, test/1k2013spring/1454.js:14:27, test/1k2013spring/1454.js:14:39, test/1k2013spring/1454.js:14:41, test/1k2013spring/1454.js:14:48, test/1k2013spring/1454.js:14:57, test/1k2013spring/1454.js:14:64, test/1k2013spring/1454.js:14:73, test/1k2013spring/1454.js:15:2, test/1k2013spring/1454.js:15:17, test/1k2013spring/1454.js:15:34, test/1k2013spring/1454.js:16:2, test/1k2013spring/1454.js:16:9, test/1k2013spring/1454.js:16:29, test/1k2013spring/1454.js:16:35, test/1k2013spring/1454.js:16:42, test/1k2013spring/1454.js:16:46, test/1k2013spring/1454.js:16:59, test/1k2013spring/1454.js:20:65, test/1k2013spring/shim.js:9:5]
test/1k2013spring/1454.js:6:5: [maybe] Conversion to number yields NaN
test/1k2013spring/1454.js:6:5: [maybe] Reading absent property (computed name)
test/1k2013spring/1454.js:10:99: [maybe] Reading absent property (computed name)
test/1k2013spring/1454.js:10:107: [maybe] Conversion to number yields NaN
test/1k2013spring/1454.js:13:41: [maybe] Reading absent property (computed name)
test/1k2013spring/1454.js:13:61: [maybe] Reading absent property (computed name)
test/1k2013spring/1454.js:13:79: [maybe] Reading absent property (computed name)
test/1k2013spring/1454.js:14:27: [maybe] Reading absent property (computed name)
test/1k2013spring/1454.js:21:94: [maybe] Reading absent property (computed name)
