test/1k2012love/1091.js:77:20: [definite] The variable e is never used
test/1k2012love/1091.js:27:10: [maybe] ReferenceError, reading absent variable m
test/1k2012love/1091.js:27:33: [maybe] ReferenceError, reading absent variable cx
test/1k2012love/1091.js:31:10: [maybe] ReferenceError, reading absent variable m
test/1k2012love/1091.js:31:30: [maybe] ReferenceError, reading absent variable cy
test/1k2012love/1091.js:35:7: [maybe] ReferenceError, reading absent variable to
test/1k2012love/1091.js:37:5: [maybe] ReferenceError, reading absent variable w
test/1k2012love/1091.js:37:20: [maybe] ReferenceError, reading absent variable to
test/1k2012love/1091.js:39:3: [maybe] ReferenceError, reading absent variable j
test/1k2012love/1091.js:39:3: [maybe] TypeError, accessing property of null/undefined
test/1k2012love/1091.js:39:13: [maybe] ReferenceError, reading absent variable cx
test/1k2012love/1091.js:39:24: [maybe] ReferenceError, reading absent variable cy
test/1k2012love/1091.js:39:35: [maybe] ReferenceError, reading absent variable m
test/1k2012love/1091.js:45:30: [maybe] TypeError when computing default value for object
test/1k2012love/1091.js:45:34: [maybe] ReferenceError, reading absent variable s
test/1k2012love/1091.js:51:24: [maybe] ReferenceError, reading absent variable py
test/1k2012love/1091.js:58:7: [maybe] ReferenceError, reading absent variable a
test/1k2012love/1091.js:59:7: [maybe] TypeError when computing default value for object
test/1k2012love/1091.js:59:22: [maybe] ReferenceError, reading absent variable py
test/1k2012love/1091.js:59:26: [maybe] ReferenceError, reading absent variable s
test/1k2012love/1091.js:59:29: [maybe] ReferenceError, reading absent variable s
test/1k2012love/1091.js:61:5: [maybe] ReferenceError, reading absent variable py
test/1k2012love/1091.js:61:5: [maybe] TypeError when computing default value for object
test/1k2012love/1091.js:61:11: [maybe] ReferenceError, reading absent variable s
test/1k2012love/1091.js:65:7: [maybe] ReferenceError, reading absent variable s
test/1k2012love/1091.js:65:7: [maybe] TypeError when computing default value for object
test/1k2012love/1091.js:67:10: [maybe] ReferenceError, reading absent variable s
test/1k2012love/1091.js:72:23: [maybe] ReferenceError, reading absent variable k
test/1k2012love/1091.js:73:23: [maybe] ReferenceError, reading absent variable t
test/1k2012love/1091.js:74:3: [maybe] ReferenceError, reading absent variable m
test/1k2012love/1091.js:77:1: [maybe] TypeError, accessing property of null/undefined
test/1k2012love/1091.js:78:7: [maybe] ReferenceError, reading absent variable j
test/1k2012love/1091.js:78:7: [maybe] TypeError, accessing property of null/undefined
test/1k2012love/shim.js:9:5: [maybe] TypeError, accessing property of null/undefined
test/1k2012love/1091.js: [maybe] Uncaught exception, constructed at [test/1k2012love/1091.js:27:10, test/1k2012love/1091.js:27:33, test/1k2012love/1091.js:31:10, test/1k2012love/1091.js:31:30, test/1k2012love/1091.js:35:7, test/1k2012love/1091.js:37:5, test/1k2012love/1091.js:37:20, test/1k2012love/1091.js:39:3, test/1k2012love/1091.js:39:13, test/1k2012love/1091.js:39:24, test/1k2012love/1091.js:39:35, test/1k2012love/1091.js:45:30, test/1k2012love/1091.js:45:34, test/1k2012love/1091.js:51:24, test/1k2012love/1091.js:58:7, test/1k2012love/1091.js:59:7, test/1k2012love/1091.js:59:22, test/1k2012love/1091.js:59:26, test/1k2012love/1091.js:59:29, test/1k2012love/1091.js:61:5, test/1k2012love/1091.js:61:11, test/1k2012love/1091.js:65:7, test/1k2012love/1091.js:67:10, test/1k2012love/1091.js:72:23, test/1k2012love/1091.js:73:23, test/1k2012love/1091.js:74:3, test/1k2012love/1091.js:77:1, test/1k2012love/1091.js:78:7, test/1k2012love/shim.js:9:5]
test/1k2012love/1091.js:27:15: [maybe] Conversion from string to number yields NaN
test/1k2012love/1091.js:27:15: [maybe] The variable x has values with different types
test/1k2012love/1091.js:31:15: [maybe] Conversion from string to number yields NaN
test/1k2012love/1091.js:31:15: [maybe] The variable y has values with different types
test/1k2012love/1091.js:45:19: [maybe] The variable px has values with different types
test/1k2012love/1091.js:45:30: [maybe] The variable px has values with different types
test/1k2012love/1091.js:45:34: [maybe] The variable s has values with different types
test/1k2012love/1091.js:50:29: [maybe] The variable px has values with different types
test/1k2012love/1091.js:51:24: [maybe] The variable py has values with different types
test/1k2012love/1091.js:59:7: [maybe] Conversion from string to number yields NaN
test/1k2012love/1091.js:59:7: [maybe] Converting object to number
test/1k2012love/1091.js:59:18: [maybe] The variable px has values with different types
test/1k2012love/1091.js:59:22: [maybe] The variable py has values with different types
test/1k2012love/1091.js:59:26: [maybe] The variable s has values with different types
test/1k2012love/1091.js:59:29: [maybe] The variable s has values with different types
test/1k2012love/1091.js:61:5: [maybe] The variable py has values with different types
test/1k2012love/1091.js:61:11: [maybe] The variable s has values with different types
test/1k2012love/1091.js:62:9: [maybe] The variable py has values with different types
test/1k2012love/1091.js:65:7: [maybe] Conversion from string to number yields NaN
test/1k2012love/1091.js:65:7: [maybe] Converting object to number
test/1k2012love/1091.js:65:7: [maybe] The variable s has values with different types
test/1k2012love/1091.js:67:10: [maybe] The variable s has values with different types
test/1k2012love/1091.js:78:7: [maybe] Converting object to string
test/1k2012love/1091.js:78:7: [maybe] Converting primitive string to object
test/1k2012love/1091.js:81:10: [maybe] Conversion from string to number yields NaN
test/1k2012love/1091.js:81:10: [maybe] Conversion to number yields NaN
test/1k2012love/1091.js:81:10: [maybe] Reading absent property (computed name)
test/1k2012love/1091.js:82:10: [maybe] Conversion from string to number yields NaN
test/1k2012love/1091.js:82:10: [maybe] Conversion to number yields NaN
test/1k2012love/1091.js:82:10: [maybe] Reading absent property (computed name)
test/1k2012love/1091.js:83:9: [maybe] Conversion from string to number yields NaN
test/1k2012love/1091.js:83:9: [maybe] Conversion to number yields NaN
test/1k2012love/1091.js:83:9: [maybe] Reading absent property (computed name)
