test/1k2012love/1201.js:49:1: [definite] The variable a is never used
test/1k2012love/1201.js:49:1: [definite] The variable i is never used
test/1k2012love/1201.js:14:11: [maybe] ReferenceError, reading absent variable R
test/1k2012love/1201.js:37:5: [maybe] ReferenceError, reading absent variable a
test/1k2012love/1201.js:38:19: [maybe] ReferenceError, reading absent variable y
test/1k2012love/1201.js:43:2: [maybe] ReferenceError, reading absent variable a
test/1k2012love/1201.js:50:9: [maybe] TypeError, accessing property of null/undefined
test/1k2012love/1201.js:53:13: [maybe] ReferenceError, reading absent variable x
test/1k2012love/1201.js:57:5: [maybe] ReferenceError, reading absent variable y
test/1k2012love/1201.js:69:6: [maybe] ReferenceError, reading absent variable h
test/1k2012love/1201.js:73:6: [maybe] TypeError, accessing property of null/undefined
test/1k2012love/1201.js:82:2: [maybe] ReferenceError, reading absent variable G
test/1k2012love/1201.js:84:5: [maybe] ReferenceError, reading absent variable s
test/1k2012love/1201.js:89:2: [maybe] ReferenceError, reading absent variable c
test/1k2012love/1201.js:89:12: [maybe] ReferenceError, reading absent variable d
test/1k2012love/1201.js:95:6: [maybe] TypeError, accessing property of null/undefined
test/1k2012love/1201.js:95:8: [maybe] ReferenceError, reading absent variable o
test/1k2012love/1201.js:101:2: [maybe] ReferenceError, reading absent variable t
test/1k2012love/1201.js:102:2: [maybe] ReferenceError, reading absent variable G
test/1k2012love/1201.js:103:3: [maybe] ReferenceError, reading absent variable h
test/1k2012love/1201.js:103:12: [maybe] ReferenceError, reading absent variable o
test/1k2012love/1201.js:104:3: [maybe] ReferenceError, reading absent variable q
test/1k2012love/1201.js:104:8: [maybe] ReferenceError, reading absent variable t
test/1k2012love/1201.js:104:22: [maybe] ReferenceError, reading absent variable q
test/1k2012love/1201.js:104:28: [maybe] ReferenceError, reading absent variable j
test/1k2012love/1201.js:104:35: [maybe] ReferenceError, reading absent variable j
test/1k2012love/1201.js:107:3: [maybe] ReferenceError, reading absent variable G
test/1k2012love/1201.js:107:8: [maybe] ReferenceError, reading absent variable s
test/1k2012love/1201.js:108:5: [maybe] ReferenceError, reading absent variable s
test/1k2012love/1201.js:113:4: [maybe] TypeError, accessing property of null/undefined
test/1k2012love/1201.js:113:9: [maybe] ReferenceError, reading absent variable o
test/1k2012love/1201.js:113:18: [maybe] ReferenceError, reading absent variable M
test/1k2012love/1201.js:120:3: [maybe] ReferenceError, reading absent variable m
test/1k2012love/1201.js:120:8: [maybe] ReferenceError, reading absent variable h
test/1k2012love/1201.js:127:2: [maybe] ReferenceError, reading absent variable m
test/1k2012love/1201.js:128:5: [maybe] ReferenceError, reading absent variable h
test/1k2012love/1201.js:128:7: [maybe] ReferenceError, reading absent variable o
test/1k2012love/1201.js:128:12: [maybe] ReferenceError, reading absent variable q
test/1k2012love/1201.js:128:26: [maybe] ReferenceError, reading absent variable q
test/1k2012love/1201.js:130:8: [maybe] ReferenceError, reading absent variable h
test/1k2012love/1201.js:130:20: [maybe] ReferenceError, reading absent variable k
test/1k2012love/1201.js:133:17: [maybe] ReferenceError, reading absent variable j
test/1k2012love/shim.js:9:5: [maybe] TypeError, accessing property of null/undefined
test/1k2012love/1201.js:53:22: [maybe] Reading absent property l
test/1k2012love/1201.js:54:16: [maybe] Reading absent property t
test/1k2012love/1201.js:76:6: [maybe] Reading absent property l
test/1k2012love/1201.js:77:6: [maybe] Reading absent property t
test/1k2012love/1201.js:98:6: [maybe] Reading absent property l
test/1k2012love/1201.js:99:6: [maybe] Reading absent property t
test/1k2012love/1201.js:113:24: [maybe] Reading absent property l
test/1k2012love/1201.js:113:48: [maybe] Reading absent property t
test/1k2012love/1201.js: [maybe] Uncaught exception, constructed at [test/1k2012love/1201.js:14:11, test/1k2012love/1201.js:37:5, test/1k2012love/1201.js:38:19, test/1k2012love/1201.js:43:2, test/1k2012love/1201.js:50:9, test/1k2012love/1201.js:53:13, test/1k2012love/1201.js:57:5, test/1k2012love/1201.js:69:6, test/1k2012love/1201.js:73:6, test/1k2012love/1201.js:82:2, test/1k2012love/1201.js:84:5, test/1k2012love/1201.js:89:2, test/1k2012love/1201.js:89:12, test/1k2012love/1201.js:95:6, test/1k2012love/1201.js:95:8, test/1k2012love/1201.js:101:2, test/1k2012love/1201.js:102:2, test/1k2012love/1201.js:103:3, test/1k2012love/1201.js:103:12, test/1k2012love/1201.js:104:3, test/1k2012love/1201.js:104:8, test/1k2012love/1201.js:104:22, test/1k2012love/1201.js:104:28, test/1k2012love/1201.js:104:35, test/1k2012love/1201.js:107:3, test/1k2012love/1201.js:107:8, test/1k2012love/1201.js:108:5, test/1k2012love/1201.js:113:4, test/1k2012love/1201.js:113:9, test/1k2012love/1201.js:113:18, test/1k2012love/1201.js:120:3, test/1k2012love/1201.js:120:8, test/1k2012love/1201.js:127:2, test/1k2012love/1201.js:128:5, test/1k2012love/1201.js:128:7, test/1k2012love/1201.js:128:12, test/1k2012love/1201.js:128:26, test/1k2012love/1201.js:130:8, test/1k2012love/1201.js:130:20, test/1k2012love/1201.js:133:17, test/1k2012love/shim.js:9:5]
test/1k2012love/1201.js:20:18: [maybe] Converting primitive number to object
test/1k2012love/1201.js:38:5: [maybe] Conversion to number yields NaN
test/1k2012love/1201.js:45:22: [maybe] Conversion to number yields NaN
test/1k2012love/1201.js:53:22: [maybe] Conversion to number yields NaN
test/1k2012love/1201.js:57:5: [maybe] Conversion to number yields NaN
test/1k2012love/1201.js:76:6: [maybe] Conversion to number yields NaN
test/1k2012love/1201.js:80:4: [maybe] Reading absent property (computed name)
test/1k2012love/1201.js:95:6: [maybe] Converting object to string
test/1k2012love/1201.js:95:6: [maybe] Reading absent property (computed name)
test/1k2012love/1201.js:95:8: [maybe] The variable o has values with different types
test/1k2012love/1201.js:98:6: [maybe] Conversion to number yields NaN
test/1k2012love/1201.js:103:3: [maybe] Conversion from string to number yields NaN
test/1k2012love/1201.js:103:3: [maybe] Conversion to number yields NaN
test/1k2012love/1201.js:103:3: [maybe] Converting object to number
test/1k2012love/1201.js:103:12: [maybe] The variable o has values with different types
test/1k2012love/1201.js:113:9: [maybe] Conversion from string to number yields NaN
test/1k2012love/1201.js:113:9: [maybe] Conversion to number yields NaN
test/1k2012love/1201.js:113:9: [maybe] Converting object to number
test/1k2012love/1201.js:113:9: [maybe] The variable o has values with different types
test/1k2012love/1201.js:113:24: [maybe] Conversion to number yields NaN
test/1k2012love/1201.js:113:48: [maybe] Conversion to number yields NaN
test/1k2012love/1201.js:128:5: [maybe] Converting object to string
test/1k2012love/1201.js:128:5: [maybe] Reading absent property (computed name)
test/1k2012love/1201.js:128:7: [maybe] The variable o has values with different types
test/1k2012love/1201.js:128:24: [maybe] Reading absent property (computed name)
