test/1k2012love/1154.js:53:25: [maybe] TypeError, call to non-function
test/1k2012love/1154.js:57:25: [maybe] TypeError, call to non-function
test/1k2012love/1154.js:68:17: [maybe] ReferenceError, reading absent variable c
test/1k2012love/1154.js:68:17: [maybe] TypeError, accessing property of null/undefined
test/1k2012love/1154.js:68:31: [maybe] TypeError, accessing property of null/undefined
test/1k2012love/1154.js:70:25: [maybe] ReferenceError, reading absent variable b
test/1k2012love/1154.js:79:19: [maybe] ReferenceError, reading absent variable a
test/1k2012love/1154.js:91:19: [maybe] TypeError, accessing property of null/undefined
test/1k2012love/1154.js:91:24: [maybe] TypeError, accessing property of null/undefined
test/1k2012love/1154.js:95:15: [maybe] ReferenceError, reading absent variable a
test/1k2012love/1154.js:95:29: [maybe] TypeError, accessing property of null/undefined
test/1k2012love/1154.js:97:15: [maybe] TypeError, call to non-function
test/1k2012love/1154.js:111:19: [maybe] TypeError, call to non-function
test/1k2012love/shim.js:9:5: [maybe] TypeError, accessing property of null/undefined
test/1k2012love/1154.js: [maybe] Uncaught exception, constructed at [test/1k2012love/1154.js:53:25, test/1k2012love/1154.js:57:25, test/1k2012love/1154.js:68:17, test/1k2012love/1154.js:68:31, test/1k2012love/1154.js:70:25, test/1k2012love/1154.js:79:19, test/1k2012love/1154.js:91:19, test/1k2012love/1154.js:91:24, test/1k2012love/1154.js:95:15, test/1k2012love/1154.js:95:29, test/1k2012love/1154.js:97:15, test/1k2012love/1154.js:111:19, test/1k2012love/shim.js:9:5]
test/1k2012love/1154.js:36:47: [maybe] Conversion to number yields NaN
test/1k2012love/1154.js:41:24: [maybe] Reading absent property (computed name)
test/1k2012love/1154.js:53:25: [maybe] Conversion to number yields NaN
test/1k2012love/1154.js:53:30: [maybe] Reading absent property (computed name)
test/1k2012love/1154.js:57:25: [maybe] Conversion to number yields NaN
test/1k2012love/1154.js:57:33: [maybe] Reading absent property (computed name)
test/1k2012love/1154.js:68:31: [maybe] Converting undefined to string
test/1k2012love/1154.js:68:39: [maybe] Conversion to number yields NaN
test/1k2012love/1154.js:71:22: [maybe] Conversion to number yields NaN
test/1k2012love/1154.js:91:24: [maybe] Converting undefined to string
test/1k2012love/1154.js:91:24: [maybe] Reading absent property (computed name)
test/1k2012love/1154.js:97:15: [maybe] Conversion to number yields NaN
test/1k2012love/1154.js:103:33: [maybe] Reading absent property (computed name)
test/1k2012love/1154.js:112:29: [maybe] Conversion to number yields NaN
test/1k2012love/1154.js:113:29: [maybe] Conversion to number yields NaN
test/1k2012love/1154.js:114:35: [maybe] Conversion to number yields NaN
test/1k2012love/1154.js:115:35: [maybe] Conversion to number yields NaN
test/1k2012love/1154.js:125:15: [maybe] Conversion to number yields NaN
test/1k2012love/1154.js:125:37: [maybe] Conversion to number yields NaN
test/1k2012love/1154.js:125:39: [maybe] Conversion to number yields NaN
test/1k2012love/1154.js:91:19: [info] Writing to unknown property that may cause loss of precision
