test/1k2012love/1276.js:133:2: [definite] Too few parameters to function Window.setTimeout
test/1k2012love/1276.js:54:8: [maybe] ReferenceError, reading absent variable g
test/1k2012love/1276.js:54:10: [maybe] ReferenceError, reading absent variable G
test/1k2012love/1276.js:55:8: [maybe] ReferenceError, reading absent variable g
test/1k2012love/1276.js:55:10: [maybe] ReferenceError, reading absent variable G
test/1k2012love/1276.js:56:4: [maybe] ReferenceError, reading absent variable b
test/1k2012love/1276.js:56:8: [maybe] ReferenceError, reading absent variable q
test/1k2012love/1276.js:57:6: [maybe] TypeError, accessing property of null/undefined
test/1k2012love/1276.js:57:13: [maybe] ReferenceError, reading absent variable P
test/1k2012love/1276.js:57:17: [maybe] ReferenceError, reading absent variable W
test/1k2012love/1276.js:63:6: [maybe] ReferenceError, reading absent variable S
test/1k2012love/1276.js:63:11: [maybe] ReferenceError, reading absent variable S
test/1k2012love/1276.js:67:17: [maybe] ReferenceError, reading absent variable l
test/1k2012love/1276.js:67:21: [maybe] ReferenceError, reading absent variable L
test/1k2012love/1276.js:68:12: [maybe] ReferenceError, reading absent variable g
test/1k2012love/1276.js:68:14: [maybe] ReferenceError, reading absent variable G
test/1k2012love/1276.js:69:18: [maybe] ReferenceError, reading absent variable g
test/1k2012love/1276.js:69:20: [maybe] ReferenceError, reading absent variable G
test/1k2012love/1276.js:70:8: [maybe] RangeError, assigning invalid value to array 'length' property
test/1k2012love/1276.js:70:8: [maybe] ReferenceError, reading absent variable b
test/1k2012love/1276.js:70:12: [maybe] ReferenceError, reading absent variable q
test/1k2012love/1276.js:73:4: [maybe] ReferenceError, reading absent variable S
test/1k2012love/1276.js:79:12: [maybe] ReferenceError, reading absent variable b
test/1k2012love/1276.js:81:11: [maybe] ReferenceError, reading absent variable b
test/1k2012love/1276.js:82:6: [maybe] TypeError, accessing property of null/undefined
test/1k2012love/1276.js:88:5: [maybe] RangeError, assigning invalid value to array 'length' property
test/1k2012love/1276.js:93:8: [maybe] ReferenceError, reading absent variable G
test/1k2012love/1276.js:93:14: [maybe] ReferenceError, reading absent variable G
test/1k2012love/1276.js:93:19: [maybe] ReferenceError, reading absent variable n
test/1k2012love/1276.js:93:21: [maybe] ReferenceError, reading absent variable G
test/1k2012love/1276.js:93:26: [maybe] ReferenceError, reading absent variable n
test/1k2012love/1276.js:93:28: [maybe] ReferenceError, reading absent variable G
test/1k2012love/1276.js:93:48: [maybe] ReferenceError, reading absent variable q
test/1k2012love/1276.js:93:74: [maybe] TypeError, accessing property of null/undefined
test/1k2012love/1276.js:101:3: [maybe] ReferenceError, reading absent variable P
test/1k2012love/1276.js:102:3: [maybe] ReferenceError, reading absent variable S
test/1k2012love/1276.js:102:18: [maybe] ReferenceError, reading absent variable L
test/1k2012love/1276.js:105:13: [maybe] ReferenceError, reading absent variable n
test/1k2012love/1276.js:106:14: [maybe] ReferenceError, reading absent variable n
test/1k2012love/1276.js:114:8: [maybe] TypeError, accessing property of null/undefined
test/1k2012love/1276.js:120:7: [maybe] ReferenceError, reading absent variable S
test/1k2012love/1276.js:120:24: [maybe] ReferenceError, reading absent variable G
test/1k2012love/1276.js:120:27: [maybe] ReferenceError, reading absent variable g
test/1k2012love/1276.js:120:33: [maybe] ReferenceError, reading absent variable G
test/1k2012love/1276.js:120:36: [maybe] ReferenceError, reading absent variable g
test/1k2012love/1276.js:122:5: [maybe] ReferenceError, reading absent variable a
test/1k2012love/1276.js:122:7: [maybe] ReferenceError, reading absent variable F
test/1k2012love/1276.js:122:18: [maybe] ReferenceError, reading absent variable L
test/1k2012love/1276.js:122:32: [maybe] ReferenceError, reading absent variable L
test/1k2012love/1276.js:127:3: [maybe] ReferenceError, reading absent variable a
test/1k2012love/1276.js:127:5: [maybe] ReferenceError, reading absent variable F
test/1k2012love/1276.js:128:3: [maybe] ReferenceError, reading absent variable S
test/1k2012love/1276.js:129:15: [maybe] ReferenceError, reading absent variable P
test/1k2012love/1276.js:129:17: [maybe] ReferenceError, reading absent variable q
test/1k2012love/1276.js:130:15: [maybe] ReferenceError, reading absent variable L
test/1k2012love/1276.js:130:20: [maybe] ReferenceError, reading absent variable S
test/1k2012love/1276.js:130:27: [maybe] ReferenceError, reading absent variable L
test/1k2012love/1276.js:130:55: [maybe] ReferenceError, reading absent variable L
test/1k2012love/1276.js:130:61: [maybe] ReferenceError, reading absent variable W
test/1k2012love/shim.js:9:5: [maybe] TypeError, accessing property of null/undefined
test/1k2012love/1276.js:57:6: [maybe] Reading absent property P of host object
test/1k2012love/1276.js:82:6: [maybe] Reading absent property p
test/1k2012love/1276.js:82:6: [maybe] Reading absent property p of host object
test/1k2012love/1276.js:82:12: [maybe] Reading absent property P
test/1k2012love/1276.js:82:12: [maybe] Reading absent property P of host object
test/1k2012love/1276.js:82:16: [maybe] Reading absent property p
test/1k2012love/1276.js:82:16: [maybe] Reading absent property p of host object
test/1k2012love/1276.js:83:6: [maybe] Reading absent property i
test/1k2012love/1276.js:83:6: [maybe] Reading absent property i of host object
test/1k2012love/1276.js:84:6: [maybe] Reading absent property x
test/1k2012love/1276.js:84:6: [maybe] Reading absent property x of host object
test/1k2012love/1276.js:85:6: [maybe] Reading absent property y
test/1k2012love/1276.js:85:6: [maybe] Reading absent property y of host object
test/1k2012love/1276.js:93:74: [maybe] Reading absent property P of host object
test/1k2012love/1276.js:93:79: [maybe] Reading absent property P of host object
test/1k2012love/1276.js:114:8: [maybe] Reading absent property x of host object
test/1k2012love/1276.js:115:8: [maybe] Reading absent property y of host object
test/1k2012love/1276.js:116:9: [maybe] Reading absent property p of host object
test/1k2012love/1276.js: [maybe] Uncaught exception, constructed at [test/1k2012love/1276.js:54:8, test/1k2012love/1276.js:54:10, test/1k2012love/1276.js:55:8, test/1k2012love/1276.js:55:10, test/1k2012love/1276.js:56:4, test/1k2012love/1276.js:56:8, test/1k2012love/1276.js:57:6, test/1k2012love/1276.js:57:13, test/1k2012love/1276.js:57:17, test/1k2012love/1276.js:63:6, test/1k2012love/1276.js:63:11, test/1k2012love/1276.js:67:17, test/1k2012love/1276.js:67:21, test/1k2012love/1276.js:68:12, test/1k2012love/1276.js:68:14, test/1k2012love/1276.js:69:18, test/1k2012love/1276.js:69:20, test/1k2012love/1276.js:70:8, test/1k2012love/1276.js:70:12, test/1k2012love/1276.js:73:4, test/1k2012love/1276.js:79:12, test/1k2012love/1276.js:81:11, test/1k2012love/1276.js:82:6, test/1k2012love/1276.js:88:5, test/1k2012love/1276.js:89:5, test/1k2012love/1276.js:93:8, test/1k2012love/1276.js:93:14, test/1k2012love/1276.js:93:19, test/1k2012love/1276.js:93:21, test/1k2012love/1276.js:93:26, test/1k2012love/1276.js:93:28, test/1k2012love/1276.js:93:48, test/1k2012love/1276.js:93:74, test/1k2012love/1276.js:101:3, test/1k2012love/1276.js:102:3, test/1k2012love/1276.js:102:18, test/1k2012love/1276.js:105:13, test/1k2012love/1276.js:106:14, test/1k2012love/1276.js:114:8, test/1k2012love/1276.js:120:7, test/1k2012love/1276.js:120:24, test/1k2012love/1276.js:120:27, test/1k2012love/1276.js:120:33, test/1k2012love/1276.js:120:36, test/1k2012love/1276.js:122:5, test/1k2012love/1276.js:122:7, test/1k2012love/1276.js:122:18, test/1k2012love/1276.js:122:32, test/1k2012love/1276.js:127:3, test/1k2012love/1276.js:127:5, test/1k2012love/1276.js:128:3, test/1k2012love/1276.js:129:15, test/1k2012love/1276.js:129:17, test/1k2012love/1276.js:130:15, test/1k2012love/1276.js:130:20, test/1k2012love/1276.js:130:27, test/1k2012love/1276.js:130:55, test/1k2012love/1276.js:130:61, test/1k2012love/shim.js:9:5]
test/1k2012love/1276.js:56:4: [maybe] Reading absent property (computed name)
test/1k2012love/1276.js:57:2: [maybe] The variable z has values with different types
test/1k2012love/1276.js:57:6: [maybe] Conversion to number yields NaN
test/1k2012love/1276.js:57:6: [maybe] Converting primitive number to object
test/1k2012love/1276.js:57:6: [maybe] The variable z has values with different types
test/1k2012love/1276.js:67:8: [maybe] Converting undefined to string
test/1k2012love/1276.js:67:17: [maybe] Converting primitive string to object
test/1k2012love/1276.js:67:17: [maybe] Reading absent property (computed name)
test/1k2012love/1276.js:70:8: [maybe] Conversion from string to number yields NaN
test/1k2012love/1276.js:70:8: [maybe] Converting object to number
test/1k2012love/1276.js:81:11: [maybe] Reading absent property (computed name)
test/1k2012love/1276.js:82:6: [maybe] Conversion to number yields NaN
test/1k2012love/1276.js:82:6: [maybe] Converting primitive number to object
test/1k2012love/1276.js:82:6: [maybe] The variable j has values with different types
test/1k2012love/1276.js:82:12: [maybe] Conversion to number yields NaN
test/1k2012love/1276.js:82:12: [maybe] Converting primitive number to object
test/1k2012love/1276.js:82:12: [maybe] The variable j has values with different types
test/1k2012love/1276.js:82:16: [maybe] Converting primitive number to object
test/1k2012love/1276.js:82:16: [maybe] The variable j has values with different types
test/1k2012love/1276.js:83:6: [maybe] Converting primitive number to object
test/1k2012love/1276.js:83:6: [maybe] The variable j has values with different types
test/1k2012love/1276.js:84:6: [maybe] Conversion to number yields NaN
test/1k2012love/1276.js:84:6: [maybe] Converting primitive number to object
test/1k2012love/1276.js:84:6: [maybe] The variable j has values with different types
test/1k2012love/1276.js:84:11: [maybe] Reading absent property (computed name)
test/1k2012love/1276.js:85:6: [maybe] Conversion to number yields NaN
test/1k2012love/1276.js:85:6: [maybe] Converting primitive number to object
test/1k2012love/1276.js:85:6: [maybe] The variable j has values with different types
test/1k2012love/1276.js:85:11: [maybe] Reading absent property (computed name)
test/1k2012love/1276.js:88:5: [maybe] Conversion from string to number yields NaN
test/1k2012love/1276.js:88:5: [maybe] Converting object to number
test/1k2012love/1276.js:93:32: [maybe] The variable j has values with different types
test/1k2012love/1276.js:93:36: [maybe] Conversion to number yields NaN
test/1k2012love/1276.js:93:44: [maybe] Reading absent property (computed name)
test/1k2012love/1276.js:93:70: [maybe] The variable f has values with different types
test/1k2012love/1276.js:93:74: [maybe] Conversion to number yields NaN
test/1k2012love/1276.js:93:74: [maybe] Converting primitive number to object
test/1k2012love/1276.js:93:74: [maybe] The variable f has values with different types
test/1k2012love/1276.js:93:79: [maybe] Converting primitive number to object
test/1k2012love/1276.js:93:79: [maybe] The variable f has values with different types
test/1k2012love/1276.js:112:8: [maybe] Reading absent property (computed name)
test/1k2012love/1276.js:113:6: [maybe] The variable o has values with different types
test/1k2012love/1276.js:114:8: [maybe] Conversion to number yields NaN
test/1k2012love/1276.js:114:8: [maybe] Converting primitive number to object
test/1k2012love/1276.js:114:8: [maybe] The variable o has values with different types
test/1k2012love/1276.js:115:8: [maybe] Conversion to number yields NaN
test/1k2012love/1276.js:115:8: [maybe] Converting primitive number to object
test/1k2012love/1276.js:115:8: [maybe] The variable o has values with different types
test/1k2012love/1276.js:116:9: [maybe] Conversion to number yields NaN
test/1k2012love/1276.js:116:9: [maybe] Converting primitive number to object
test/1k2012love/1276.js:116:9: [maybe] The variable o has values with different types
test/1k2012love/1276.js:133:2: [maybe] Conversion to number yields NaN
test/1k2012love/1276.js:70:8: [info] Writing to unknown property that may cause loss of precision
test/1k2012love/1276.js:88:5: [info] Writing to unknown property that may cause loss of precision
test/1k2012love/1276.js:89:5: [info] Writing to unknown property that may cause loss of precision
test/1k2012love/1276.js:56:4: [info] Reading from unknown property that may cause loss of precision
test/1k2012love/1276.js:79:3: [info] Reading from unknown property that may cause loss of precision
test/1k2012love/1276.js:81:11: [info] Reading from unknown property that may cause loss of precision
test/1k2012love/1276.js:93:44: [info] Reading from unknown property that may cause loss of precision
