test/10k/earth_night_lights.html:95:13: [definite] The conditional expression is always false
test/10k/earth_night_lights.html:16:29: [definite] The variable mr is never used
test/10k/earth_night_lights.html:17:145: [definite] The variable tout is never used
test/10k/earth_night_lights.html:17:123: [maybe] RangeError, invalid value of array length
test/10k/earth_night_lights.html:20:61: [maybe] TypeError, accessing property of null/undefined
test/10k/earth_night_lights.html:25:17: [maybe] TypeError, accessing property of null/undefined
test/10k/earth_night_lights.html:26:17: [maybe] TypeError, accessing property of null/undefined
test/10k/earth_night_lights.html:27:17: [maybe] TypeError, accessing property of null/undefined
test/10k/earth_night_lights.html:28:17: [maybe] TypeError, accessing property of null/undefined
test/10k/earth_night_lights.html:29:17: [maybe] TypeError, accessing property of null/undefined
test/10k/earth_night_lights.html:30:17: [maybe] TypeError, accessing property of null/undefined
test/10k/earth_night_lights.html:31:17: [maybe] TypeError, accessing property of null/undefined
test/10k/earth_night_lights.html:32:30: [maybe] TypeError, accessing property of null/undefined
test/10k/earth_night_lights.html:37:25: [maybe] TypeError, accessing property of null/undefined
test/10k/earth_night_lights.html:39:24: [maybe] TypeError, accessing property of null/undefined
test/10k/earth_night_lights.html:39:28: [maybe] TypeError, accessing property of null/undefined
test/10k/earth_night_lights.html:40:17: [maybe] TypeError, accessing property of null/undefined
test/10k/earth_night_lights.html:45:17: [maybe] TypeError, accessing property of null/undefined
test/10k/earth_night_lights.html:46:26: [maybe] TypeError, accessing property of null/undefined
test/10k/earth_night_lights.html:50:17: [maybe] TypeError, accessing property of null/undefined
test/10k/earth_night_lights.html:51:17: [maybe] TypeError, accessing property of null/undefined
test/10k/earth_night_lights.html:57:21: [maybe] TypeError, accessing property of null/undefined
test/10k/earth_night_lights.html:58:21: [maybe] TypeError, accessing property of null/undefined
test/10k/earth_night_lights.html:59:21: [maybe] TypeError, accessing property of null/undefined
test/10k/earth_night_lights.html:60:21: [maybe] TypeError, accessing property of null/undefined
test/10k/earth_night_lights.html:62:25: [maybe] TypeError, accessing property of null/undefined
test/10k/earth_night_lights.html:63:25: [maybe] TypeError, accessing property of null/undefined
test/10k/earth_night_lights.html:63:25: [maybe] TypeError, non-HTMLImageElement or non-HTMLCanvasElement as argument to drawImage
test/10k/earth_night_lights.html:64:25: [maybe] TypeError, accessing property of null/undefined
test/10k/earth_night_lights.html:66:25: [maybe] TypeError, accessing property of null/undefined
test/10k/earth_night_lights.html:67:25: [maybe] TypeError, accessing property of null/undefined
test/10k/earth_night_lights.html:69:21: [maybe] TypeError, accessing property of null/undefined
test/10k/earth_night_lights.html:77:13: [maybe] TypeError, accessing property of null/undefined
test/10k/earth_night_lights.html:87:21: [maybe] TypeError, accessing property of null/undefined
test/10k/earth_night_lights.html: [maybe] Uncaught exception, constructed at [test/10k/earth_night_lights.html:17:123, test/10k/earth_night_lights.html:20:61, test/10k/earth_night_lights.html:25:17, test/10k/earth_night_lights.html:26:17, test/10k/earth_night_lights.html:27:17, test/10k/earth_night_lights.html:28:17, test/10k/earth_night_lights.html:29:17, test/10k/earth_night_lights.html:30:17, test/10k/earth_night_lights.html:31:17, test/10k/earth_night_lights.html:32:30, test/10k/earth_night_lights.html:37:25, test/10k/earth_night_lights.html:39:24, test/10k/earth_night_lights.html:39:28, test/10k/earth_night_lights.html:40:17, test/10k/earth_night_lights.html:45:17, test/10k/earth_night_lights.html:46:26, test/10k/earth_night_lights.html:50:17, test/10k/earth_night_lights.html:51:17, test/10k/earth_night_lights.html:57:21, test/10k/earth_night_lights.html:58:21, test/10k/earth_night_lights.html:59:21, test/10k/earth_night_lights.html:60:21, test/10k/earth_night_lights.html:62:25, test/10k/earth_night_lights.html:63:25, test/10k/earth_night_lights.html:64:25, test/10k/earth_night_lights.html:66:25, test/10k/earth_night_lights.html:67:25, test/10k/earth_night_lights.html:69:21, test/10k/earth_night_lights.html:77:13, test/10k/earth_night_lights.html:87:21]
test/10k/earth_night_lights.html:35:35: [maybe] Reading absent property (computed name)
test/10k/earth_night_lights.html:36:25: [maybe] Conversion to number yields NaN
test/10k/earth_night_lights.html:39:24: [maybe] Reading absent property (computed name)
test/10k/earth_night_lights.html:56:24: [maybe] Conversion to number yields NaN
test/10k/earth_night_lights.html:58:39: [maybe] Conversion to number yields NaN
test/10k/earth_night_lights.html:70:41: [maybe] Conversion to number yields NaN
test/10k/earth_night_lights.html:82:24: [maybe] Conversion to number yields NaN
test/10k/earth_night_lights.html:89:21: [maybe] Reading absent property (computed name)
