test/1k2013spring/1362.js:2:6: [definite] TypeError, accessing property of null/undefined
test/1k2013spring/1362.js:2:6: [definite] Variable c is null/undefined
test/1k2013spring/1362.js:2:2: [definite] The variable a is never used
test/1k2013spring/1362.js:2:19: [definite] Unreachable code
test/1k2013spring/1362.js:4:15: [definite] Unreachable function
test/1k2013spring/1362.js:32:21: [definite] Unreachable function
test/1k2013spring/1362.js:1:9: [maybe] <Document.getElementById>("canvas") did not match any elements
test/1k2013spring/shim.js:9:5: [maybe] TypeError, accessing property of null/undefined
test/1k2013spring/1362.js: [maybe] Uncaught exception, constructed at [test/1k2013spring/1362.js:2:6, test/1k2013spring/shim.js:9:5]
