test/1k2012love/1047.js:30:22: [maybe] ReferenceError, reading absent variable c
test/1k2012love/1047.js:32:9: [maybe] ReferenceError, reading absent variable a
test/1k2012love/1047.js:34:3: [maybe] ReferenceError, reading absent variable r
test/1k2012love/1047.js:43:2: [maybe] ReferenceError, reading absent variable a
test/1k2012love/1047.js:48:17: [maybe] ReferenceError, reading absent variable r
test/1k2012love/1047.js:49:3: [maybe] ReferenceError, reading absent variable d
test/1k2012love/1047.js:49:5: [maybe] TypeError, accessing property of null/undefined
test/1k2012love/1047.js:49:14: [maybe] TypeError, accessing property of null/undefined
test/1k2012love/1047.js:49:23: [maybe] TypeError, accessing property of null/undefined
test/1k2012love/1047.js:49:32: [maybe] TypeError, accessing property of null/undefined
test/1k2012love/1047.js:50:3: [maybe] TypeError, accessing property of null/undefined
test/1k2012love/1047.js:55:16: [maybe] ReferenceError, reading absent variable u
test/1k2012love/1047.js:58:11: [maybe] ReferenceError, reading absent variable p
test/1k2012love/1047.js:58:19: [maybe] ReferenceError, reading absent variable o
test/1k2012love/1047.js:59:11: [maybe] ReferenceError, reading absent variable p
test/1k2012love/1047.js:59:14: [maybe] ReferenceError, reading absent variable o
test/1k2012love/1047.js:60:11: [maybe] ReferenceError, reading absent variable p
test/1k2012love/1047.js:60:19: [maybe] ReferenceError, reading absent variable o
test/1k2012love/1047.js:61:8: [maybe] ReferenceError, reading absent variable p
test/1k2012love/1047.js:61:16: [maybe] ReferenceError, reading absent variable o
test/1k2012love/1047.js:62:8: [maybe] ReferenceError, reading absent variable p
test/1k2012love/1047.js:62:16: [maybe] ReferenceError, reading absent variable o
test/1k2012love/1047.js:70:36: [maybe] ReferenceError, reading absent variable p
test/1k2012love/1047.js:70:44: [maybe] ReferenceError, reading absent variable o
test/1k2012love/1047.js:73:5: [maybe] ReferenceError, reading absent variable g
test/1k2012love/1047.js:75:19: [maybe] ReferenceError, reading absent variable ga
test/1k2012love/1047.js:76:24: [maybe] ReferenceError, reading absent variable p
test/1k2012love/1047.js:76:32: [maybe] ReferenceError, reading absent variable o
test/1k2012love/1047.js:77:3: [maybe] ReferenceError, reading absent variable ga
test/1k2012love/1047.js:82:5: [maybe] ReferenceError, reading absent variable u
test/1k2012love/1047.js:82:13: [maybe] ReferenceError, reading absent variable u
test/1k2012love/1047.js:85:13: [maybe] ReferenceError, reading absent variable l
test/1k2012love/shim.js:9:5: [maybe] TypeError, accessing property of null/undefined
test/1k2012love/1047.js: [maybe] Uncaught exception, constructed at [test/1k2012love/1047.js:30:22, test/1k2012love/1047.js:32:9, test/1k2012love/1047.js:34:3, test/1k2012love/1047.js:43:2, test/1k2012love/1047.js:48:17, test/1k2012love/1047.js:49:3, test/1k2012love/1047.js:49:5, test/1k2012love/1047.js:49:14, test/1k2012love/1047.js:49:23, test/1k2012love/1047.js:49:32, test/1k2012love/1047.js:50:3, test/1k2012love/1047.js:55:16, test/1k2012love/1047.js:58:11, test/1k2012love/1047.js:58:19, test/1k2012love/1047.js:59:11, test/1k2012love/1047.js:59:14, test/1k2012love/1047.js:60:11, test/1k2012love/1047.js:60:19, test/1k2012love/1047.js:61:8, test/1k2012love/1047.js:61:16, test/1k2012love/1047.js:62:8, test/1k2012love/1047.js:62:16, test/1k2012love/1047.js:70:36, test/1k2012love/1047.js:70:44, test/1k2012love/1047.js:73:5, test/1k2012love/1047.js:75:19, test/1k2012love/1047.js:76:24, test/1k2012love/1047.js:76:32, test/1k2012love/1047.js:77:3, test/1k2012love/1047.js:82:5, test/1k2012love/1047.js:82:13, test/1k2012love/1047.js:85:13, test/1k2012love/shim.js:9:5]
test/1k2012love/1047.js:33:8: [maybe] Reading absent property (computed name)
test/1k2012love/1047.js:33:21: [maybe] Reading absent property (computed name)
test/1k2012love/1047.js:49:5: [maybe] Reading absent property (computed name)
test/1k2012love/1047.js:49:14: [maybe] Reading absent property (computed name)
test/1k2012love/1047.js:49:23: [maybe] Reading absent property (computed name)
test/1k2012love/1047.js:49:32: [maybe] Reading absent property (computed name)
test/1k2012love/1047.js:50:3: [maybe] Reading absent property (computed name)
