test/uneval/uneval00.js: [definite] Exceptional program exit is unreachable
