test/uneval/uneval34.js: [definite] Exceptional program exit is unreachable
